
Optional file libmchp_peripheral.a not found

Optional file libmchp_peripheral_32MX795F512L.a not found
Archive member included to satisfy reference by file (symbol)

c:/program files/microchip/xc32/v4.30/bin/bin/../../lib/gcc/pic32mx/8.3.1\libgcc.a(floatunsisf.o)
                              build/default/production/_ext/513455433/plib_i2c2_master.o (__floatunsisf)
c:/program files/microchip/xc32/v4.30/bin/bin/../../lib/gcc/pic32mx/8.3.1\libgcc.a(floatunsidf.o)
                              build/default/production/_ext/1701374055/Para_Calculations.o (__floatunsidf)
c:/program files/microchip/xc32/v4.30/bin/bin/../../lib/gcc/pic32mx/8.3.1/../../../../pic32mx/lib\libpic32.a(memcpy.o)
                              build/default/production/_ext/1701374055/AtmelFlashMem.o (memcpy)
c:/program files/microchip/xc32/v4.30/bin/bin/../../lib/gcc/pic32mx/8.3.1/../../../../pic32mx/lib\libpic32.a(memset.o)
                              build/default/production/_ext/1701375116/ETH_Module_Com.o (memset)
c:/program files/microchip/xc32/v4.30/bin/bin/../../lib/gcc/pic32mx/8.3.1/../../../../pic32mx/lib\libpic32.a(strcpy.o)
                              build/default/production/_ext/1701374055/Ampli_functions.o (strcpy)
c:/program files/microchip/xc32/v4.30/bin/bin/../../lib/gcc/pic32mx/8.3.1/../../../../pic32mx/lib\libpic32.a(strlen.o)
                              build/default/production/_ext/1701374055/ETH_NetBurner.o (strlen)
c:/program files/microchip/xc32/v4.30/bin/bin/../../lib/gcc/pic32mx/8.3.1/../../../../pic32mx/lib\libpic32.a(default-on-reset.o)
                              C:\Users\UT\AppData\Local\Temp\ccqziOVH.o (_on_reset)
c:/program files/microchip/xc32/v4.30/bin/bin/../../lib/gcc/pic32mx/8.3.1/../../../../pic32mx/lib\libpic32.a(default-on-bootstrap.o)
                              C:\Users\UT\AppData\Local\Temp\ccqziOVH.o (_on_bootstrap)
c:/program files/microchip/xc32/v4.30/bin/bin/../../lib/gcc/pic32mx/8.3.1/../../../../pic32mx/lib\libpic32.a(default-nmi-handler.o)
                              C:\Users\UT\AppData\Local\Temp\ccqziOVH.o (_nmi_handler)
c:/program files/microchip/xc32/v4.30/bin/bin/../../lib/gcc/pic32mx/8.3.1/../../../../pic32mx/lib\libpic32.a(pic32_data_init_core.o)
                              C:\Users\UT\AppData\Local\Temp\ccqziOVH.o (__pic32_data_init)
c:/program files/microchip/xc32/v4.30/bin/bin/../../lib/gcc/pic32mx/8.3.1/../../../../pic32mx/lib\libpic32.a(general-exception.o)
                              C:\Users\UT\AppData\Local\Temp\ccqziOVH.o (_general_exception_context)
c:/program files/microchip/xc32/v4.30/bin/bin/../../lib/gcc/pic32mx/8.3.1/../../../../pic32mx/lib\libpic32.a(vector1.o)
                              C:\Users\UT\AppData\Local\Temp\ccPsMvSL.o (__vector_dispatch_1)
c:/program files/microchip/xc32/v4.30/bin/bin/../../lib/gcc/pic32mx/8.3.1/../../../../pic32mx/lib\libpic32.a(vector2.o)
                              C:\Users\UT\AppData\Local\Temp\ccPsMvSL.o (__vector_dispatch_2)
c:/program files/microchip/xc32/v4.30/bin/bin/../../lib/gcc/pic32mx/8.3.1/../../../../pic32mx/lib\libpic32.a(vector3.o)
                              C:\Users\UT\AppData\Local\Temp\ccPsMvSL.o (__vector_dispatch_3)
c:/program files/microchip/xc32/v4.30/bin/bin/../../lib/gcc/pic32mx/8.3.1/../../../../pic32mx/lib\libpic32.a(vector4.o)
                              C:\Users\UT\AppData\Local\Temp\ccPsMvSL.o (__vector_dispatch_4)
c:/program files/microchip/xc32/v4.30/bin/bin/../../lib/gcc/pic32mx/8.3.1/../../../../pic32mx/lib\libpic32.a(vector5.o)
                              C:\Users\UT\AppData\Local\Temp\ccPsMvSL.o (__vector_dispatch_5)
c:/program files/microchip/xc32/v4.30/bin/bin/../../lib/gcc/pic32mx/8.3.1/../../../../pic32mx/lib\libpic32.a(vector6.o)
                              C:\Users\UT\AppData\Local\Temp\ccPsMvSL.o (__vector_dispatch_6)
c:/program files/microchip/xc32/v4.30/bin/bin/../../lib/gcc/pic32mx/8.3.1/../../../../pic32mx/lib\libpic32.a(vector7.o)
                              C:\Users\UT\AppData\Local\Temp\ccPsMvSL.o (__vector_dispatch_7)
c:/program files/microchip/xc32/v4.30/bin/bin/../../lib/gcc/pic32mx/8.3.1/../../../../pic32mx/lib\libpic32.a(vector8.o)
                              C:\Users\UT\AppData\Local\Temp\ccPsMvSL.o (__vector_dispatch_8)
c:/program files/microchip/xc32/v4.30/bin/bin/../../lib/gcc/pic32mx/8.3.1/../../../../pic32mx/lib\libpic32.a(vector9.o)
                              C:\Users\UT\AppData\Local\Temp\ccPsMvSL.o (__vector_dispatch_9)
c:/program files/microchip/xc32/v4.30/bin/bin/../../lib/gcc/pic32mx/8.3.1/../../../../pic32mx/lib\libpic32.a(vector10.o)
                              C:\Users\UT\AppData\Local\Temp\ccPsMvSL.o (__vector_dispatch_10)
c:/program files/microchip/xc32/v4.30/bin/bin/../../lib/gcc/pic32mx/8.3.1/../../../../pic32mx/lib\libpic32.a(vector11.o)
                              C:\Users\UT\AppData\Local\Temp\ccPsMvSL.o (__vector_dispatch_11)
[...]
Memory Configuration

Name             Origin             Length             Attributes
kseg0_program_mem 0x000000009d000000 0x0000000000080000 xr
kseg0_boot_mem   0x000000009fc00490 0x0000000000000970
exception_mem    0x000000009fc01000 0x0000000000001000
kseg1_boot_mem   0x00000000bfc00000 0x0000000000000490
debug_exec_mem   0x00000000bfc02000 0x0000000000000ff0
config3          0x00000000bfc02ff0 0x0000000000000004
config2          0x00000000bfc02ff4 0x0000000000000004
config1          0x00000000bfc02ff8 0x0000000000000004
config0          0x00000000bfc02ffc 0x0000000000000004
kseg1_data_mem   0x00000000a0000000 0x0000000000020000 w !x
sfrs             0x00000000bf800000 0x0000000000100000
configsfrs       0x00000000bfc02ff0 0x0000000000000010
*default*        0x0000000000000000 0xffffffffffffffff

Linker script and memory map

LOAD c:/program files/microchip/xc32/v4.30/bin/bin/../../lib/gcc/pic32mx/8.3.1/../../../../pic32mx/lib\debug-exception-return.o
LOAD build/default/production/_ext/1701374055/Ampli_functions.o
LOAD build/default/production/_ext/1701374055/Amplifier_Com.o
LOAD build/default/production/_ext/1701374055/AtmelFlashMem.o
LOAD build/default/production/_ext/1701374055/BoardTemp.o
LOAD build/default/production/_ext/1701374055/ETH_NetBurner.o
LOAD build/default/production/_ext/1701374055/Global_Vars.o
LOAD build/default/production/_ext/1701374055/KBD_5X8.o
LOAD build/default/production/_ext/1701374055/LCD_functions.o
LOAD build/default/production/_ext/1701374055/Para_Calculations.o
LOAD build/default/production/_ext/1701374055/Protocol.o
LOAD build/default/production/_ext/1701374055/RTC.o
LOAD build/default/production/_ext/1701375116/Beeps.o
LOAD build/default/production/_ext/1701375116/CAN_Comm.o
LOAD build/default/production/_ext/1701375116/DataFlash_Comm.o
LOAD build/default/production/_ext/1701375116/ETH_Module_Com.o
LOAD build/default/production/_ext/1701375116/Events.o
LOAD build/default/production/_ext/1701375116/I2C_comm.o
LOAD build/default/production/_ext/1701375116/KBD_5X8_rd.o
LOAD build/default/production/_ext/1701375116/LCD_Comm.o
LOAD build/default/production/_ext/1701375116/RTC_Comm.o
LOAD build/default/production/_ext/1701375116/SSI_Enco.o
LOAD build/default/production/_ext/1701375116/Sys_Inits.o
LOAD build/default/production/_ext/1701375116/CAN_Enco_Com.o
LOAD build/default/production/_ext/60163342/plib_adc.o
LOAD build/default/production/_ext/60165182/plib_can1.o
LOAD build/default/production/_ext/60165520/plib_clk.o
LOAD build/default/production/_ext/1249264884/plib_coretimer.o
LOAD build/default/production/_ext/1865200349/plib_evic.o
LOAD build/default/production/_ext/1865254177/plib_gpio.o
LOAD build/default/production/_ext/513455433/plib_i2c2_master.o
LOAD build/default/production/_ext/298189674/plib_spi1_master.o
LOAD build/default/production/_ext/1865657120/plib_uart5.o
LOAD build/default/production/_ext/1865657120/plib_uart6.o
LOAD build/default/production/_ext/1865657120/plib_uart3.o
LOAD build/default/production/_ext/1865657120/plib_uart4.o
LOAD build/default/production/_ext/1865657120/plib_uart1.o
LOAD build/default/production/_ext/1865657120/plib_uart2.o
LOAD build/default/production/_ext/163028504/xc32_monitor.o
LOAD build/default/production/_ext/1171490990/initialization.o
LOAD build/default/production/_ext/1171490990/interrupts.o
LOAD build/default/production/_ext/1171490990/exceptions.o
LOAD build/default/production/_ext/1342495810/BCD_Utils.o
LOAD build/default/production/_ext/1342495810/Utils.o
LOAD build/default/production/_ext/1360937237/main.o
LOAD build/default/production/_ext/1360937237/App_Globals.o
LOAD build/default/production/_ext/1360937237/App_Protocol.o
                0x0000000000000001                __MPLAB_BUILD = 0x1
                0x0000000000000400                PROVIDE (_min_stack_size = 0x400)
START GROUP
LOAD libmchp_peripheral.a
END GROUP
START GROUP
LOAD libmchp_peripheral_32MX795F512L.a
END GROUP
                0x0000000000000001                PROVIDE (_vector_spacing = 0x1)
                0x000000009fc01000                PROVIDE (_ebase_address = 0x9fc01000)
                0x00000000bfc00000                _RESET_ADDR = 0xbfc00000
                0x00000000bfc00380                _BEV_EXCPT_ADDR = 0xbfc00380
                0x00000000bfc00480                _DBG_EXCPT_ADDR = 0xbfc00480
                0x00000000bfc02000                _DBG_CODE_ADDR = 0xbfc02000
                0x0000000000000ff0                _DBG_CODE_SIZE = 0xff0
                0x000000009fc01180                _GEN_EXCPT_ADDR = (_ebase_address + 0x180)

.config_BFC02FF0
                0x00000000bfc02ff0        0x4
 *(.config_BFC02FF0)
 .config_BFC02FF0
                0x00000000bfc02ff0        0x4 build/default/production/_ext/1171490990/initialization.o
                0x00000000bfc02ff0                __config_BFC02FF0

.config_BFC02FF4
                0x00000000bfc02ff4        0x4
 *(.config_BFC02FF4)
 .config_BFC02FF4
                0x00000000bfc02ff4        0x4 build/default/production/_ext/1171490990/initialization.o
                0x00000000bfc02ff4                __config_BFC02FF4

.config_BFC02FF8
                0x00000000bfc02ff8        0x4
 *(.config_BFC02FF8)
 .config_BFC02FF8
                0x00000000bfc02ff8        0x4 build/default/production/_ext/1171490990/initialization.o
                0x00000000bfc02ff8                __config_BFC02FF8

.config_BFC02FFC
                0x00000000bfc02ffc        0x4
 *(.config_BFC02FFC)
 .config_BFC02FFC
                0x00000000bfc02ffc        0x4 build/default/production/_ext/1171490990/initialization.o
                0x00000000bfc02ffc                __config_BFC02FFC

.reset          0x00000000bfc00000      0x19c
 *(.reset)
 .reset         0x00000000bfc00000        0x8 C:\Users\UT\AppData\Local\Temp\ccqziOVH.o
                0x00000000bfc00000                _reset
 *(.reset.startup)
 .reset.startup
                0x00000000bfc00008      0x194 C:\Users\UT\AppData\Local\Temp\ccqziOVH.o
                0x00000000bfc00008                _startup

.bev_excpt      0x00000000bfc00380       0x10
 *(.bev_handler)
 .bev_handler   0x00000000bfc00380       0x10 C:\Users\UT\AppData\Local\Temp\ccqziOVH.o

.dbg_excpt      0x00000000bfc00480        0x0
                0x00000000bfc00480                . = (. + DEFINED (_DEBUGGER)?0x8:0x0)

.dbg_code       0x00000000bfc02000        0x0
                0x00000000bfc02000                . = (. + DEFINED (_DEBUGGER)?_DBG_CODE_SIZE:0x0)

.app_excpt      0x000000009fc01180       0x10
 *(.gen_handler)
 .gen_handler   0x000000009fc01180       0x10 C:\Users\UT\AppData\Local\Temp\ccqziOVH.o

.vector_0       0x000000009fc01200        0x8
 *(.vector_0)
 .vector_0      0x000000009fc01200        0x8 build/default/production/_ext/1171490990/interrupts.o
                0x000000009fc01200                __vector_dispatch_0
                0x0000000000000001                ASSERT (((_vector_spacing == 0x0) || (SIZEOF (.vector_0) <= (_vector_spacing << 0x5))), function at exception vector 0 too large)

.vector_1       0x000000009fc01220        0x8
 *(.vector_1)
 .vector_1      0x000000009fc01220        0x8 c:/program files/microchip/xc32/v4.30/bin/bin/../../lib/gcc/pic32mx/8.3.1/../../../../pic32mx/lib\libpic32.a(vector1.o)
                0x000000009fc01220                __vector_dispatch_1
                0x0000000000000001                ASSERT (((_vector_spacing == 0x0) || (SIZEOF (.vector_1) <= (_vector_spacing << 0x5))), function at exception vector 1 too large)

.vector_2       0x000000009fc01240        0x8
 *(.vector_2)
 .vector_2      0x000000009fc01240        0x8 c:/program files/microchip/xc32/v4.30/bin/bin/../../lib/gcc/pic32mx/8.3.1/../../../../pic32mx/lib\libpic32.a(vector2.o)
                0x000000009fc01240                __vector_dispatch_2
                0x0000000000000001                ASSERT (((_vector_spacing == 0x0) || (SIZEOF (.vector_2) <= (_vector_spacing << 0x5))), function at exception vector 2 too large)

.vector_3       0x000000009fc01260        0x8
 *(.vector_3)
 .vector_3      0x000000009fc01260        0x8 c:/program files/microchip/xc32/v4.30/bin/bin/../../lib/gcc/pic32mx/8.3.1/../../../../pic32mx/lib\libpic32.a(vector3.o)
                0x000000009fc01260                __vector_dispatch_3
                0x0000000000000001                ASSERT (((_vector_spacing == 0x0) || (SIZEOF (.vector_3) <= (_vector_spacing << 0x5))), function at exception vector 3 too large)

.vector_4       0x000000009fc01280        0x8
 *(.vector_4)
 .vector_4      0x000000009fc01280        0x8 c:/program files/microchip/xc32/v4.30/bin/bin/../../lib/gcc/pic32mx/8.3.1/../../../../pic32mx/lib\libpic32.a(vector4.o)
                0x000000009fc01280                __vector_dispatch_4
                0x0000000000000001                ASSERT (((_vector_spacing == 0x0) || (SIZEOF (.vector_4) <= (_vector_spacing << 0x5))), function at exception vector 4 too large)

.vector_5       0x000000009fc012a0        0x8
 *(.vector_5)
 .vector_5      0x000000009fc012a0        0x8 c:/program files/microchip/xc32/v4.30/bin/bin/../../lib/gcc/pic32mx/8.3.1/../../../../pic32mx/lib\libpic32.a(vector5.o)
                0x000000009fc012a0                __vector_dispatch_5
                0x0000000000000001                ASSERT (((_vector_spacing == 0x0) || (SIZEOF (.vector_5) <= (_vector_spacing << 0x5))), function at exception vector 5 too large)

.vector_6       0x000000009fc012c0        0x8
 *(.vector_6)
 .vector_6      0x000000009fc012c0        0x8 c:/program files/microchip/xc32/v4.30/bin/bin/../../lib/gcc/pic32mx/8.3.1/../../../../pic32mx/lib\libpic32.a(vector6.o)
                0x000000009fc012c0                __vector_dispatch_6
                0x0000000000000001                ASSERT (((_vector_spacing == 0x0) || (SIZEOF (.vector_6) <= (_vector_spacing << 0x5))), function at exception vector 6 too large)

.vector_7       0x000000009fc012e0        0x8
 *(.vector_7)
 .vector_7      0x000000009fc012e0        0x8 c:/program files/microchip/xc32/v4.30/bin/bin/../../lib/gcc/pic32mx/8.3.1/../../../../pic32mx/lib\libpic32.a(vector7.o)
                0x000000009fc012e0                __vector_dispatch_7
                0x0000000000000001                ASSERT (((_vector_spacing == 0x0) || (SIZEOF (.vector_7) <= (_vector_spacing << 0x5))), function at exception vector 7 too large)

.vector_8       0x000000009fc01300        0x8
 *(.vector_8)
 .vector_8      0x000000009fc01300        0x8 c:/program files/microchip/xc32/v4.30/bin/bin/../../lib/gcc/pic32mx/8.3.1/../../../../pic32mx/lib\libpic32.a(vector8.o)
                0x000000009fc01300                __vector_dispatch_8
                0x0000000000000001                ASSERT (((_vector_spacing == 0x0) || (SIZEOF (.vector_8) <= (_vector_spacing << 0x5))), function at exception vector 8 too large)

.vector_9       0x000000009fc01320        0x8
 *(.vector_9)
 .vector_9      0x000000009fc01320        0x8 c:/program files/microchip/xc32/v4.30/bin/bin/../../lib/gcc/pic32mx/8.3.1/../../../../pic32mx/lib\libpic32.a(vector9.o)
                0x000000009fc01320                __vector_dispatch_9
                0x0000000000000001                ASSERT (((_vector_spacing == 0x0) || (SIZEOF (.vector_9) <= (_vector_spacing << 0x5))), function at exception vector 9 too large)

.vector_10      0x000000009fc01340        0x8
 *(.vector_10)
 .vector_10     0x000000009fc01340        0x8 c:/program files/microchip/xc32/v4.30/bin/bin/../../lib/gcc/pic32mx/8.3.1/../../../../pic32mx/lib\libpic32.a(vector10.o)
                0x000000009fc01340                __vector_dispatch_10
                0x0000000000000001                ASSERT (((_vector_spacing == 0x0) || (SIZEOF (.vector_10) <= (_vector_spacing << 0x5))), function at exception vector 10 too large)

.vector_11      0x000000009fc01360        0x8
 *(.vector_11)
 .vector_11     0x000000009fc01360        0x8 c:/program files/microchip/xc32/v4.30/bin/bin/../../lib/gcc/pic32mx/8.3.1/../../../../pic32mx/lib\libpic32.a(vector11.o)
                0x000000009fc01360                __vector_dispatch_11
                0x0000000000000001                ASSERT (((_vector_spacing == 0x0) || (SIZEOF (.vector_11) <= (_vector_spacing << 0x5))), function at exception vector 11 too large)

.vector_12      0x000000009fc01380        0x8
 *(.vector_12)
 .vector_12     0x000000009fc01380        0x8 c:/program files/microchip/xc32/v4.30/bin/bin/../../lib/gcc/pic32mx/8.3.1/../../../../pic32mx/lib\libpic32.a(vector12.o)
                0x000000009fc01380                __vector_dispatch_12
                0x0000000000000001                ASSERT (((_vector_spacing == 0x0) || (SIZEOF (.vector_12) <= (_vector_spacing << 0x5))), function at exception vector 12 too large)

.vector_13      0x000000009fc013a0        0x8
 *(.vector_13)
 .vector_13     0x000000009fc013a0        0x8 c:/program files/microchip/xc32/v4.30/bin/bin/../../lib/gcc/pic32mx/8.3.1/../../../../pic32mx/lib\libpic32.a(vector13.o)
                0x000000009fc013a0                __vector_dispatch_13
                0x0000000000000001                ASSERT (((_vector_spacing == 0x0) || (SIZEOF (.vector_13) <= (_vector_spacing << 0x5))), function at exception vector 13 too large)

.vector_14      0x000000009fc013c0        0x8
 *(.vector_14)
 .vector_14     0x000000009fc013c0        0x8 c:/program files/microchip/xc32/v4.30/bin/bin/../../lib/gcc/pic32mx/8.3.1/../../../../pic32mx/lib\libpic32.a(vector14.o)
                0x000000009fc013c0                __vector_dispatch_14
                0x0000000000000001                ASSERT (((_vector_spacing == 0x0) || (SIZEOF (.vector_14) <= (_vector_spacing << 0x5))), function at exception vector 14 too large)

.vector_15      0x000000009fc013e0        0x8
 *(.vector_15)
 .vector_15     0x000000009fc013e0        0x8 c:/program files/microchip/xc32/v4.30/bin/bin/../../lib/gcc/pic32mx/8.3.1/../../../../pic32mx/lib\libpic32.a(vector15.o)
                0x000000009fc013e0                __vector_dispatch_15
                0x0000000000000001                ASSERT (((_vector_spacing == 0x0) || (SIZEOF (.vector_15) <= (_vector_spacing << 0x5))), function at exception vector 15 too large)

.vector_16      0x000000009fc01400        0x8
 *(.vector_16)
 .vector_16     0x000000009fc01400        0x8 c:/program files/microchip/xc32/v4.30/bin/bin/../../lib/gcc/pic32mx/8.3.1/../../../../pic32mx/lib\libpic32.a(vector16.o)
                0x000000009fc01400                __vector_dispatch_16
                0x0000000000000001                ASSERT (((_vector_spacing == 0x0) || (SIZEOF (.vector_16) <= (_vector_spacing << 0x5))), function at exception vector 16 too large)

.vector_17      0x000000009fc01420        0x8
 *(.vector_17)
 .vector_17     0x000000009fc01420        0x8 c:/program files/microchip/xc32/v4.30/bin/bin/../../lib/gcc/pic32mx/8.3.1/../../../../pic32mx/lib\libpic32.a(vector17.o)
                0x000000009fc01420                __vector_dispatch_17
                0x0000000000000001                ASSERT (((_vector_spacing == 0x0) || (SIZEOF (.vector_17) <= (_vector_spacing << 0x5))), function at exception vector 17 too large)

.vector_18      0x000000009fc01440        0x8
 *(.vector_18)
 .vector_18     0x000000009fc01440        0x8 c:/program files/microchip/xc32/v4.30/bin/bin/../../lib/gcc/pic32mx/8.3.1/../../../../pic32mx/lib\libpic32.a(vector18.o)
                0x000000009fc01440                __vector_dispatch_18
                0x0000000000000001                ASSERT (((_vector_spacing == 0x0) || (SIZEOF (.vector_18) <= (_vector_spacing << 0x5))), function at exception vector 18 too large)

.vector_19      0x000000009fc01460        0x8
 *(.vector_19)
 .vector_19     0x000000009fc01460        0x8 c:/program files/microchip/xc32/v4.30/bin/bin/../../lib/gcc/pic32mx/8.3.1/../../../../pic32mx/lib\libpic32.a(vector19.o)
                0x000000009fc01460                __vector_dispatch_19
                0x0000000000000001                ASSERT (((_vector_spacing == 0x0) || (SIZEOF (.vector_19) <= (_vector_spacing << 0x5))), function at exception vector 19 too large)

.vector_20      0x000000009fc01480        0x8
 *(.vector_20)
 .vector_20     0x000000009fc01480        0x8 c:/program files/microchip/xc32/v4.30/bin/bin/../../lib/gcc/pic32mx/8.3.1/../../../../pic32mx/lib\libpic32.a(vector20.o)
                0x000000009fc01480                __vector_dispatch_20
                0x0000000000000001                ASSERT (((_vector_spacing == 0x0) || (SIZEOF (.vector_20) <= (_vector_spacing << 0x5))), function at exception vector 20 too large)

.vector_21      0x000000009fc014a0        0x8
 *(.vector_21)
 .vector_21     0x000000009fc014a0        0x8 c:/program files/microchip/xc32/v4.30/bin/bin/../../lib/gcc/pic32mx/8.3.1/../../../../pic32mx/lib\libpic32.a(vector21.o)
                0x000000009fc014a0                __vector_dispatch_21
                0x0000000000000001                ASSERT (((_vector_spacing == 0x0) || (SIZEOF (.vector_21) <= (_vector_spacing << 0x5))), function at exception vector 21 too large)

.vector_22      0x000000009fc014c0        0x8
 *(.vector_22)
 .vector_22     0x000000009fc014c0        0x8 c:/program files/microchip/xc32/v4.30/bin/bin/../../lib/gcc/pic32mx/8.3.1/../../../../pic32mx/lib\libpic32.a(vector22.o)
                0x000000009fc014c0                __vector_dispatch_22
                0x0000000000000001                ASSERT (((_vector_spacing == 0x0) || (SIZEOF (.vector_22) <= (_vector_spacing << 0x5))), function at exception vector 22 too large)

.vector_23      0x000000009fc014e0        0x8
 *(.vector_23)
 .vector_23     0x000000009fc014e0        0x8 c:/program files/microchip/xc32/v4.30/bin/bin/../../lib/gcc/pic32mx/8.3.1/../../../../pic32mx/lib\libpic32.a(vector23.o)
                0x000000009fc014e0                __vector_dispatch_23
                0x0000000000000001                ASSERT (((_vector_spacing == 0x0) || (SIZEOF (.vector_23) <= (_vector_spacing << 0x5))), function at exception vector 23 too large)

.vector_24      0x000000009fc01500        0x8
 *(.vector_24)
 .vector_24     0x000000009fc01500        0x8 c:/program files/microchip/xc32/v4.30/bin/bin/../../lib/gcc/pic32mx/8.3.1/../../../../pic32mx/lib\libpic32.a(vector24.o)
                0x000000009fc01500                __vector_dispatch_24
                0x0000000000000001                ASSERT (((_vector_spacing == 0x0) || (SIZEOF (.vector_24) <= (_vector_spacing << 0x5))), function at exception vector 24 too large)

.vector_25      0x000000009fc01520        0x8
 *(.vector_25)
 .vector_25     0x000000009fc01520        0x8 c:/program files/microchip/xc32/v4.30/bin/bin/../../lib/gcc/pic32mx/8.3.1/../../../../pic32mx/lib\libpic32.a(vector25.o)
                0x000000009fc01520                __vector_dispatch_25
                0x0000000000000001                ASSERT (((_vector_spacing == 0x0) || (SIZEOF (.vector_25) <= (_vector_spacing << 0x5))), function at exception vector 25 too large)

.vector_26      0x000000009fc01540        0x8
 *(.vector_26)
 .vector_26     0x000000009fc01540        0x8 c:/program files/microchip/xc32/v4.30/bin/bin/../../lib/gcc/pic32mx/8.3.1/../../../../pic32mx/lib\libpic32.a(vector26.o)
                0x000000009fc01540                __vector_dispatch_26
                0x0000000000000001                ASSERT (((_vector_spacing == 0x0) || (SIZEOF (.vector_26) <= (_vector_spacing << 0x5))), function at exception vector 26 too large)

.vector_27      0x000000009fc01560        0x8
 *(.vector_27)
 .vector_27     0x000000009fc01560        0x8 build/default/production/_ext/1171490990/interrupts.o
                0x000000009fc01560                __vector_dispatch_27
                0x0000000000000001                ASSERT (((_vector_spacing == 0x0) || (SIZEOF (.vector_27) <= (_vector_spacing << 0x5))), function at exception vector 27 too large)

.vector_28      0x000000009fc01580        0x8
 *(.vector_28)
 .vector_28     0x000000009fc01580        0x8 c:/program files/microchip/xc32/v4.30/bin/bin/../../lib/gcc/pic32mx/8.3.1/../../../../pic32mx/lib\libpic32.a(vector28.o)
                0x000000009fc01580                __vector_dispatch_28
                0x0000000000000001                ASSERT (((_vector_spacing == 0x0) || (SIZEOF (.vector_28) <= (_vector_spacing << 0x5))), function at exception vector 28 too large)

.vector_29      0x000000009fc015a0        0x8
 *(.vector_29)
 .vector_29     0x000000009fc015a0        0x8 c:/program files/microchip/xc32/v4.30/bin/bin/../../lib/gcc/pic32mx/8.3.1/../../../../pic32mx/lib\libpic32.a(vector29.o)
                0x000000009fc015a0                __vector_dispatch_29
                0x0000000000000001                ASSERT (((_vector_spacing == 0x0) || (SIZEOF (.vector_29) <= (_vector_spacing << 0x5))), function at exception vector 29 too large)

.vector_30      0x000000009fc015c0        0x8
 *(.vector_30)
 .vector_30     0x000000009fc015c0        0x8 c:/program files/microchip/xc32/v4.30/bin/bin/../../lib/gcc/pic32mx/8.3.1/../../../../pic32mx/lib\libpic32.a(vector30.o)
                0x000000009fc015c0                __vector_dispatch_30
                0x0000000000000001                ASSERT (((_vector_spacing == 0x0) || (SIZEOF (.vector_30) <= (_vector_spacing << 0x5))), function at exception vector 30 too large)

.vector_31      0x000000009fc015e0        0x8
 *(.vector_31)
 .vector_31     0x000000009fc015e0        0x8 build/default/production/_ext/1171490990/interrupts.o
                0x000000009fc015e0                __vector_dispatch_31
                0x0000000000000001                ASSERT (((_vector_spacing == 0x0) || (SIZEOF (.vector_31) <= (_vector_spacing << 0x5))), function at exception vector 31 too large)

.vector_32      0x000000009fc01600        0x8
 *(.vector_32)
 .vector_32     0x000000009fc01600        0x8 build/default/production/_ext/1171490990/interrupts.o
                0x000000009fc01600                __vector_dispatch_32
                0x0000000000000001                ASSERT (((_vector_spacing == 0x0) || (SIZEOF (.vector_32) <= (_vector_spacing << 0x5))), function at exception vector 32 too large)

.vector_33      0x000000009fc01620        0x8
 *(.vector_33)
 .vector_33     0x000000009fc01620        0x8 build/default/production/_ext/1171490990/interrupts.o
                0x000000009fc01620                __vector_dispatch_33
                0x0000000000000001                ASSERT (((_vector_spacing == 0x0) || (SIZEOF (.vector_33) <= (_vector_spacing << 0x5))), function at exception vector 33 too large)

.vector_34      0x000000009fc01640        0x8
 *(.vector_34)
 .vector_34     0x000000009fc01640        0x8 c:/program files/microchip/xc32/v4.30/bin/bin/../../lib/gcc/pic32mx/8.3.1/../../../../pic32mx/lib\libpic32.a(vector34.o)
                0x000000009fc01640                __vector_dispatch_34
                0x0000000000000001                ASSERT (((_vector_spacing == 0x0) || (SIZEOF (.vector_34) <= (_vector_spacing << 0x5))), function at exception vector 34 too large)

.vector_35      0x000000009fc01660        0x8
 *(.vector_35)
 .vector_35     0x000000009fc01660        0x8 c:/program files/microchip/xc32/v4.30/bin/bin/../../lib/gcc/pic32mx/8.3.1/../../../../pic32mx/lib\libpic32.a(vector35.o)
                0x000000009fc01660                __vector_dispatch_35
                0x0000000000000001                ASSERT (((_vector_spacing == 0x0) || (SIZEOF (.vector_35) <= (_vector_spacing << 0x5))), function at exception vector 35 too large)

.vector_36      0x000000009fc01680        0x8
 *(.vector_36)
 .vector_36     0x000000009fc01680        0x8 c:/program files/microchip/xc32/v4.30/bin/bin/../../lib/gcc/pic32mx/8.3.1/../../../../pic32mx/lib\libpic32.a(vector36.o)
                0x000000009fc01680                __vector_dispatch_36
                0x0000000000000001                ASSERT (((_vector_spacing == 0x0) || (SIZEOF (.vector_36) <= (_vector_spacing << 0x5))), function at exception vector 36 too large)

.vector_37      0x000000009fc016a0        0x8
 *(.vector_37)
 .vector_37     0x000000009fc016a0        0x8 c:/program files/microchip/xc32/v4.30/bin/bin/../../lib/gcc/pic32mx/8.3.1/../../../../pic32mx/lib\libpic32.a(vector37.o)
                0x000000009fc016a0                __vector_dispatch_37
                0x0000000000000001                ASSERT (((_vector_spacing == 0x0) || (SIZEOF (.vector_37) <= (_vector_spacing << 0x5))), function at exception vector 37 too large)

.vector_38      0x000000009fc016c0        0x8
 *(.vector_38)
 .vector_38     0x000000009fc016c0        0x8 c:/program files/microchip/xc32/v4.30/bin/bin/../../lib/gcc/pic32mx/8.3.1/../../../../pic32mx/lib\libpic32.a(vector38.o)
                0x000000009fc016c0                __vector_dispatch_38
                0x0000000000000001                ASSERT (((_vector_spacing == 0x0) || (SIZEOF (.vector_38) <= (_vector_spacing << 0x5))), function at exception vector 38 too large)

.vector_39      0x000000009fc016e0        0x8
 *(.vector_39)
 .vector_39     0x000000009fc016e0        0x8 c:/program files/microchip/xc32/v4.30/bin/bin/../../lib/gcc/pic32mx/8.3.1/../../../../pic32mx/lib\libpic32.a(vector39.o)
                0x000000009fc016e0                __vector_dispatch_39
                0x0000000000000001                ASSERT (((_vector_spacing == 0x0) || (SIZEOF (.vector_39) <= (_vector_spacing << 0x5))), function at exception vector 39 too large)

.vector_40      0x000000009fc01700        0x8
 *(.vector_40)
 .vector_40     0x000000009fc01700        0x8 c:/program files/microchip/xc32/v4.30/bin/bin/../../lib/gcc/pic32mx/8.3.1/../../../../pic32mx/lib\libpic32.a(vector40.o)
                0x000000009fc01700                __vector_dispatch_40
                0x0000000000000001                ASSERT (((_vector_spacing == 0x0) || (SIZEOF (.vector_40) <= (_vector_spacing << 0x5))), function at exception vector 40 too large)

.vector_41      0x000000009fc01720        0x8
 *(.vector_41)
 .vector_41     0x000000009fc01720        0x8 c:/program files/microchip/xc32/v4.30/bin/bin/../../lib/gcc/pic32mx/8.3.1/../../../../pic32mx/lib\libpic32.a(vector41.o)
                0x000000009fc01720                __vector_dispatch_41
                0x0000000000000001                ASSERT (((_vector_spacing == 0x0) || (SIZEOF (.vector_41) <= (_vector_spacing << 0x5))), function at exception vector 41 too large)

.vector_42      0x000000009fc01740        0x8
 *(.vector_42)
 .vector_42     0x000000009fc01740        0x8 c:/program files/microchip/xc32/v4.30/bin/bin/../../lib/gcc/pic32mx/8.3.1/../../../../pic32mx/lib\libpic32.a(vector42.o)
                0x000000009fc01740                __vector_dispatch_42
                0x0000000000000001                ASSERT (((_vector_spacing == 0x0) || (SIZEOF (.vector_42) <= (_vector_spacing << 0x5))), function at exception vector 42 too large)

.vector_43      0x000000009fc01760        0x8
 *(.vector_43)
 .vector_43     0x000000009fc01760        0x8 c:/program files/microchip/xc32/v4.30/bin/bin/../../lib/gcc/pic32mx/8.3.1/../../../../pic32mx/lib\libpic32.a(vector43.o)
                0x000000009fc01760                __vector_dispatch_43
                0x0000000000000001                ASSERT (((_vector_spacing == 0x0) || (SIZEOF (.vector_43) <= (_vector_spacing << 0x5))), function at exception vector 43 too large)

.vector_44      0x000000009fc01780        0x8
 *(.vector_44)
 .vector_44     0x000000009fc01780        0x8 c:/program files/microchip/xc32/v4.30/bin/bin/../../lib/gcc/pic32mx/8.3.1/../../../../pic32mx/lib\libpic32.a(vector44.o)
                0x000000009fc01780                __vector_dispatch_44
                0x0000000000000001                ASSERT (((_vector_spacing == 0x0) || (SIZEOF (.vector_44) <= (_vector_spacing << 0x5))), function at exception vector 44 too large)

.vector_45      0x000000009fc017a0        0x8
 *(.vector_45)
 .vector_45     0x000000009fc017a0        0x8 c:/program files/microchip/xc32/v4.30/bin/bin/../../lib/gcc/pic32mx/8.3.1/../../../../pic32mx/lib\libpic32.a(vector45.o)
                0x000000009fc017a0                __vector_dispatch_45
                0x0000000000000001                ASSERT (((_vector_spacing == 0x0) || (SIZEOF (.vector_45) <= (_vector_spacing << 0x5))), function at exception vector 45 too large)

.vector_46      0x000000009fc017c0        0x8
 *(.vector_46)
 .vector_46     0x000000009fc017c0        0x8 build/default/production/_ext/1171490990/interrupts.o
                0x000000009fc017c0                __vector_dispatch_46
                0x0000000000000001                ASSERT (((_vector_spacing == 0x0) || (SIZEOF (.vector_46) <= (_vector_spacing << 0x5))), function at exception vector 46 too large)

.vector_47      0x000000009fc017e0        0x8
 *(.vector_47)
 .vector_47     0x000000009fc017e0        0x8 c:/program files/microchip/xc32/v4.30/bin/bin/../../lib/gcc/pic32mx/8.3.1/../../../../pic32mx/lib\libpic32.a(vector47.o)
                0x000000009fc017e0                __vector_dispatch_47
                0x0000000000000001                ASSERT (((_vector_spacing == 0x0) || (SIZEOF (.vector_47) <= (_vector_spacing << 0x5))), function at exception vector 47 too large)

.vector_48      0x000000009fc01800        0x8
 *(.vector_48)
 .vector_48     0x000000009fc01800        0x8 c:/program files/microchip/xc32/v4.30/bin/bin/../../lib/gcc/pic32mx/8.3.1/../../../../pic32mx/lib\libpic32.a(vector48.o)
                0x000000009fc01800                __vector_dispatch_48
                0x0000000000000001                ASSERT (((_vector_spacing == 0x0) || (SIZEOF (.vector_48) <= (_vector_spacing << 0x5))), function at exception vector 48 too large)

.vector_49      0x000000009fc01820        0x8
 *(.vector_49)
 .vector_49     0x000000009fc01820        0x8 build/default/production/_ext/1171490990/interrupts.o
                0x000000009fc01820                __vector_dispatch_49
                0x0000000000000001                ASSERT (((_vector_spacing == 0x0) || (SIZEOF (.vector_49) <= (_vector_spacing << 0x5))), function at exception vector 49 too large)

.vector_50      0x000000009fc01840        0x8
 *(.vector_50)
 .vector_50     0x000000009fc01840        0x8 build/default/production/_ext/1171490990/interrupts.o
                0x000000009fc01840                __vector_dispatch_50
                0x0000000000000001                ASSERT (((_vector_spacing == 0x0) || (SIZEOF (.vector_50) <= (_vector_spacing << 0x5))), function at exception vector 50 too large)

.vector_51      0x000000009fc01860        0x8
 *(.vector_51)
 .vector_51     0x000000009fc01860        0x8 c:/program files/microchip/xc32/v4.30/bin/bin/../../lib/gcc/pic32mx/8.3.1/../../../../pic32mx/lib\libpic32.a(vector51.o)
                0x000000009fc01860                __vector_dispatch_51
                0x0000000000000001                ASSERT (((_vector_spacing == 0x0) || (SIZEOF (.vector_51) <= (_vector_spacing << 0x5))), function at exception vector 51 too large)

.vector_52      0x000000009fc01880        0x0
 *(.vector_52)
                0x0000000000000001                ASSERT (((_vector_spacing == 0x0) || (SIZEOF (.vector_52) <= (_vector_spacing << 0x5))), function at exception vector 52 too large)

.vector_53      0x000000009fc018a0        0x0
 *(.vector_53)
                0x0000000000000001                ASSERT (((_vector_spacing == 0x0) || (SIZEOF (.vector_53) <= (_vector_spacing << 0x5))), function at exception vector 53 too large)

.vector_54      0x000000009fc018c0        0x0
 *(.vector_54)
                0x0000000000000001                ASSERT (((_vector_spacing == 0x0) || (SIZEOF (.vector_54) <= (_vector_spacing << 0x5))), function at exception vector 54 too large)

.vector_55      0x000000009fc018e0        0x0
 *(.vector_55)
                0x0000000000000001                ASSERT (((_vector_spacing == 0x0) || (SIZEOF (.vector_55) <= (_vector_spacing << 0x5))), function at exception vector 55 too large)

.vector_56      0x000000009fc01900        0x0
 *(.vector_56)
                0x0000000000000001                ASSERT (((_vector_spacing == 0x0) || (SIZEOF (.vector_56) <= (_vector_spacing << 0x5))), function at exception vector 56 too large)

.vector_57      0x000000009fc01920        0x0
 *(.vector_57)
                0x0000000000000001                ASSERT (((_vector_spacing == 0x0) || (SIZEOF (.vector_57) <= (_vector_spacing << 0x5))), function at exception vector 57 too large)

.vector_58      0x000000009fc01940        0x0
 *(.vector_58)
                0x0000000000000001                ASSERT (((_vector_spacing == 0x0) || (SIZEOF (.vector_58) <= (_vector_spacing << 0x5))), function at exception vector 58 too large)

.vector_59      0x000000009fc01960        0x0
 *(.vector_59)
                0x0000000000000001                ASSERT (((_vector_spacing == 0x0) || (SIZEOF (.vector_59) <= (_vector_spacing << 0x5))), function at exception vector 59 too large)

.vector_60      0x000000009fc01980        0x0
 *(.vector_60)
                0x0000000000000001                ASSERT (((_vector_spacing == 0x0) || (SIZEOF (.vector_60) <= (_vector_spacing << 0x5))), function at exception vector 60 too large)

.vector_61      0x000000009fc019a0        0x0
 *(.vector_61)
                0x0000000000000001                ASSERT (((_vector_spacing == 0x0) || (SIZEOF (.vector_61) <= (_vector_spacing << 0x5))), function at exception vector 61 too large)

.vector_62      0x000000009fc019c0        0x0
 *(.vector_62)
                0x0000000000000001                ASSERT (((_vector_spacing == 0x0) || (SIZEOF (.vector_62) <= (_vector_spacing << 0x5))), function at exception vector 62 too large)

.vector_63      0x000000009fc019e0        0x0
 *(.vector_63)
                0x0000000000000001                ASSERT (((_vector_spacing == 0x0) || (SIZEOF (.vector_63) <= (_vector_spacing << 0x5))), function at exception vector 63 too large)

.startup
 *(.startup)

.text           0x000000009d000000        0x0
 *(.stub .gnu.linkonce.t.*)
 *(.text.*personality*)
 *(.mips16.fn.*)
 *(.mips16.call.*)
 *(.gnu.warning)
                0x000000009d000000                . = ALIGN (0x4)

.init           0x000000009d000000        0x0
 *crti.o(.init)
 *crtbegin.o(.init)
 *(EXCLUDE_FILE(*crtn.o *crtend?.o *crtend.o) .init)
 *crtend.o(.init)
 *crtn.o(.init)
                0x000000009d000000                . = ALIGN (0x4)

.fini           0x000000009d000000        0x0
 *(.fini)
                0x000000009d000000                . = ALIGN (0x4)

.preinit_array  0x000000009d000000        0x0
                [!provide]                        PROVIDE (__preinit_array_start = .)
 *(.preinit_array)
                [!provide]                        PROVIDE (__preinit_array_end = .)
                0x000000009d000000                . = ALIGN (0x4)

.init_array     0x000000009d000000        0x0
                [!provide]                        PROVIDE (__init_array_start = .)
 *(SORT_BY_NAME(.init_array.*))
 *(.init_array)
                [!provide]                        PROVIDE (__init_array_end = .)
                0x000000009d000000                . = ALIGN (0x4)

.fini_array     0x000000009d000000        0x0
                [!provide]                        PROVIDE (__fini_array_start = .)
 *(SORT_BY_NAME(.fini_array.*))
 *(.fini_array)
                [!provide]                        PROVIDE (__fini_array_end = .)
                0x000000009d000000                . = ALIGN (0x4)

.ctors          0x000000009d000000        0x0
 *crtbegin.o(.ctors)
 *crtbegin?.o(.ctors)
 *(EXCLUDE_FILE(*crtend?.o *crtend.o) .ctors)
 *(SORT_BY_NAME(.ctors.*))
 *(.ctors)
                0x000000009d000000                . = ALIGN (0x4)

.dtors          0x000000009d000000        0x0
 *crtbegin.o(.dtors)
 *crtbegin?.o(.dtors)
 *(EXCLUDE_FILE(*crtend?.o *crtend.o) .dtors)
 *(SORT_BY_NAME(.dtors.*))
 *(.dtors)
                0x000000009d000000                . = ALIGN (0x4)

.rodata         0x000000009d000000        0x0
 *(.gnu.linkonce.r.*)
 *(.rodata1)
                0x000000009d000000                . = ALIGN (0x4)

.sdata2         0x000000009d000000        0x0
 *(.sdata2 .sdata2.* .gnu.linkonce.s2.*)
                0x000000009d000000                . = ALIGN (0x4)

.sbss2          0x000000009d000000        0x0
 *(.sbss2 .sbss2.* .gnu.linkonce.sb2.*)
                0x000000009d000000                . = ALIGN (0x4)

.eh_frame_hdr
 *(.eh_frame_hdr)
                0x000000009d000000                . = ALIGN (0x4)

.eh_frame
 *(.eh_frame)
                0x000000009d000000                . = ALIGN (0x4)

.gcc_except_table
 *(.gcc_except_table .gcc_except_table.*)
                0x000000009d000000                . = ALIGN (0x4)

.dbg_data       0x00000000a0000000        0x0
                0x00000000a0000000                . = (. + DEFINED (_DEBUGGER)?0x200:0x0)

.jcr            0x00000000a0000000        0x0
 *(.jcr)
                0x00000000a0000000                . = ALIGN (0x4)

.eh_frame
 *(.eh_frame)
                0x00000000a0000000                . = ALIGN (0x4)

.gcc_except_table
 *(.gcc_except_table .gcc_except_table.*)
                0x00000000a0000000                . = ALIGN (0x4)

.persist        0x00000000a0000000        0x0
                0x00000000a0000000                _persist_begin = .
 *(.persist .persist.*)
                0x00000000a0000000                . = ALIGN (0x4)
                0x00000000a0000000                _persist_end = .

.data           0x00000000a0000000        0x0
 *(.gnu.linkonce.d.*)
 *(.data1)
                0x00000000a0000000                . = ALIGN (0x4)
                0x00000000a0000000                . = .
                0x00000000a0007ff0                _gp = (ALIGN (0x10) + 0x7ff0)

.got            0x00000000a0000000        0x0
 *(.got.plt)
 *(.got)
                0x00000000a0000000                . = ALIGN (0x4)

.sdata          0x00000000a0000000        0x8
                0x00000000a0000000                _sdata_begin = .
 *(.sdata .sdata.* .gnu.linkonce.s.*)
 .sdata         0x00000000a0000000        0x4 build/default/production/_ext/1701374055/Global_Vars.o
                0x00000000a0000000                transferStatus
 .sdata         0x00000000a0000004        0x2 build/default/production/_ext/1360937237/App_Globals.o
                0x00000000a0000004                AZ_Posi_Speed_Set
                0x00000000a0000005                Status_Byte1_in_feedback
                0x00000000a0000008                . = ALIGN (0x4)
 *fill*         0x00000000a0000006        0x2 
                0x00000000a0000008                _sdata_end = .

.lit8
 *(.lit8)

.lit4
 *(.lit4)
                0x00000000a0000008                . = ALIGN (0x4)
                0x00000000a0000008                _data_end = .
                0x00000000a0000008                _bss_begin = .

.sbss           0x00000000a0000008       0xe8
                0x00000000a0000008                _sbss_begin = .
 *(.dynsbss)
 *(.sbss .sbss.* .gnu.linkonce.sb.*)
 .sbss          0x00000000a0000008       0xaa build/default/production/_ext/1701374055/Global_Vars.o
                0x00000000a0000008                ADC_result_ready
                0x00000000a000000a                ADC_Spr2
                0x00000000a000000c                ADC_Spr1
                0x00000000a000000e                BIT_TX_BYTE
                0x00000000a000000f                FC_byte_in_feedback
                0x00000000a0000010                PNDNT_ByteRcvTimeOutCntr
                0x00000000a0000011                ETH_ByteRcvTimeOutCntr
                0x00000000a0000012                AmplStatus
                0x00000000a0000014                SSI_encode_Fault
                0x00000000a0000018                CAN_SDO_RESP_ERROR
                0x00000000a000001c                CAN_state
                0x00000000a0000020                XmtATProgress
                0x00000000a0000021                XmtETHProgress
                0x00000000a0000022                rcvdETHCmd
                0x00000000a0000023                rcvdATResp
                0x00000000a0000024                ETH_fb_Cntr
                0x00000000a0000028                Start_ETH_fb
                0x00000000a000002c                IN_PNDNT_BUF
                0x00000000a0000030                IN_DAT_BUF
                0x00000000a0000034                IN_AT_BUF
                0x00000000a0000038                Dlycnt
                0x00000000a000003c                TmOut
                0x00000000a0000040                Count10mSec
                0x00000000a0000044                Countfor10mSec
                0x00000000a0000048                Cnt1Sec
                0x00000000a000004c                Countfor1Sec
                0x00000000a0000050                mSecCntr
                0x00000000a0000054                System_Booted
                0x00000000a0000058                AutoPageCnt
                0x00000000a000005c                FlashCap
                0x00000000a0000060                FlashSize
                0x00000000a0000064                I2C_Addrs
                0x00000000a000006c                BRK_IMG
                0x00000000a000006d                OUT_IMG
                0x00000000a0000070                debounceCount_INPIMG1
                0x00000000a0000078                lastStableState_INPIMG1
                0x00000000a000007a                lastStableState_INPIMG
                0x00000000a000007c                INP_IMG1
                0x00000000a000007e                INP_IMG
                0x00000000a0000080                TINP_IMG1
                0x00000000a0000082                TINP_IMG
                0x00000000a0000084                InputReadEnable
                0x00000000a0000085                RTC_Stat
                0x00000000a0000088                NoKeyTimeOut
                0x00000000a000008c                kCode
                0x00000000a0000090                KeyCode
                0x00000000a0000094                KeyCounter
                0x00000000a0000098                CheckStatus
                0x00000000a00000a0                LastStatus
                0x00000000a00000a8                KeyStatus
                0x00000000a00000b0                KeyBoardEnable
                0x00000000a00000b1                KeyPressed
 *fill*         0x00000000a00000b2        0x2 
 .sbss          0x00000000a00000b4        0x8 build/default/production/_ext/60163342/plib_adc.o
                0x00000000a00000b4                ADC_CallbackObj
 .sbss          0x00000000a00000bc        0xc build/default/production/_ext/60165182/plib_can1.o
 .sbss          0x00000000a00000c8        0x4 build/default/production/_ext/1360937237/main.o
                0x00000000a00000c8                MyTimer
 *fill*         0x00000000a00000cc        0x4 
 .sbss          0x00000000a00000d0       0x1e build/default/production/_ext/1360937237/App_Globals.o
                0x00000000a00000d0                Combined_Inps
                0x00000000a00000d4                AZ_Spin_Speed_Set
                0x00000000a00000d8                AZ_Motor_Position
                0x00000000a00000e0                AZ_Enco_Angle
                0x00000000a00000e8                AZ_Enco_Position
                0x00000000a00000ec                CurrentMode
                0x00000000a00000ed                Status_Byte2_in_feedback
 *(.scommon)
                0x00000000a00000ee                _sbss_end = .
                0x00000000a00000f0                . = ALIGN (0x4)
 *fill*         0x00000000a00000ee        0x2 

.bss            0x00000000a00000f0        0x0
 *(.dynbss)
 *(COMMON)
                0x00000000a00000f0                . = ALIGN ((. != 0x0)?0x4:0x1)
                0x00000000a00000f0                . = ALIGN (0x4)
                0x00000000a00000f0                _end = .
                0x00000000a00000f0                _bss_end = .
                0x0000000000020000                _bmxdudba_address = LENGTH (kseg1_data_mem)
                0x0000000000020000                _bmxdupba_address = LENGTH (kseg1_data_mem)

/DISCARD/
 *(.pdr)
 *(.rel.dyn)
 *(.note.GNU-stack)
 *(.note.GNU-stack)
 *(.gnu_debuglink)
 *(.gnu.lto_*)
 *(.discard)

.gptab.sdata
 *(.gptab.data)
 *(.gptab.sdata)

.gptab.sbss
 *(.gptab.bss)
 *(.gptab.sbss)

.mdebug.abi32   0x0000000000000000        0x0
 *(.mdebug.abi32)
 .mdebug.abi32  0x0000000000000000        0x0 build/default/production/_ext/1701374055/Ampli_functions.o
 .mdebug.abi32  0x0000000000000000        0x0 build/default/production/_ext/1701374055/Amplifier_Com.o
 .mdebug.abi32  0x0000000000000000        0x0 build/default/production/_ext/1701374055/AtmelFlashMem.o
 .mdebug.abi32  0x0000000000000000        0x0 build/default/production/_ext/1701374055/BoardTemp.o
 .mdebug.abi32  0x0000000000000000        0x0 build/default/production/_ext/1701374055/ETH_NetBurner.o
 .mdebug.abi32  0x0000000000000000        0x0 build/default/production/_ext/1701374055/Global_Vars.o
 .mdebug.abi32  0x0000000000000000        0x0 build/default/production/_ext/1701374055/KBD_5X8.o
 .mdebug.abi32  0x0000000000000000        0x0 build/default/production/_ext/1701374055/LCD_functions.o
 .mdebug.abi32  0x0000000000000000        0x0 build/default/production/_ext/1701374055/Para_Calculations.o
 .mdebug.abi32  0x0000000000000000        0x0 build/default/production/_ext/1701374055/Protocol.o
 .mdebug.abi32  0x0000000000000000        0x0 build/default/production/_ext/1701374055/RTC.o
 .mdebug.abi32  0x0000000000000000        0x0 build/default/production/_ext/1701375116/Beeps.o
 .mdebug.abi32  0x0000000000000000        0x0 build/default/production/_ext/1701375116/CAN_Comm.o
 .mdebug.abi32  0x0000000000000000        0x0 build/default/production/_ext/1701375116/DataFlash_Comm.o
 .mdebug.abi32  0x0000000000000000        0x0 build/default/production/_ext/1701375116/ETH_Module_Com.o
 .mdebug.abi32  0x0000000000000000        0x0 build/default/production/_ext/1701375116/Events.o
 .mdebug.abi32  0x0000000000000000        0x0 build/default/production/_ext/1701375116/I2C_comm.o
 .mdebug.abi32  0x0000000000000000        0x0 build/default/production/_ext/1701375116/KBD_5X8_rd.o
 .mdebug.abi32  0x0000000000000000        0x0 build/default/production/_ext/1701375116/LCD_Comm.o
 .mdebug.abi32  0x0000000000000000        0x0 build/default/production/_ext/1701375116/RTC_Comm.o
 .mdebug.abi32  0x0000000000000000        0x0 build/default/production/_ext/1701375116/SSI_Enco.o
 .mdebug.abi32  0x0000000000000000        0x0 build/default/production/_ext/1701375116/Sys_Inits.o
 .mdebug.abi32  0x0000000000000000        0x0 build/default/production/_ext/1701375116/CAN_Enco_Com.o
 .mdebug.abi32  0x0000000000000000        0x0 build/default/production/_ext/60163342/plib_adc.o
 .mdebug.abi32  0x0000000000000000        0x0 build/default/production/_ext/60165182/plib_can1.o
 .mdebug.abi32  0x0000000000000000        0x0 build/default/production/_ext/60165520/plib_clk.o
 .mdebug.abi32  0x0000000000000000        0x0 build/default/production/_ext/1249264884/plib_coretimer.o
 .mdebug.abi32  0x0000000000000000        0x0 build/default/production/_ext/1865200349/plib_evic.o
 .mdebug.abi32  0x0000000000000000        0x0 build/default/production/_ext/1865254177/plib_gpio.o
 .mdebug.abi32  0x0000000000000000        0x0 build/default/production/_ext/513455433/plib_i2c2_master.o
 .mdebug.abi32  0x0000000000000000        0x0 build/default/production/_ext/298189674/plib_spi1_master.o
 .mdebug.abi32  0x0000000000000000        0x0 build/default/production/_ext/1865657120/plib_uart5.o
 .mdebug.abi32  0x0000000000000000        0x0 build/default/production/_ext/1865657120/plib_uart6.o
 .mdebug.abi32  0x0000000000000000        0x0 build/default/production/_ext/1865657120/plib_uart3.o
 .mdebug.abi32  0x0000000000000000        0x0 build/default/production/_ext/1865657120/plib_uart4.o
 .mdebug.abi32  0x0000000000000000        0x0 build/default/production/_ext/1865657120/plib_uart1.o
 .mdebug.abi32  0x0000000000000000        0x0 build/default/production/_ext/1865657120/plib_uart2.o
 .mdebug.abi32  0x0000000000000000        0x0 build/default/production/_ext/163028504/xc32_monitor.o
 .mdebug.abi32  0x0000000000000000        0x0 build/default/production/_ext/1171490990/initialization.o
 .mdebug.abi32  0x0000000000000000        0x0 build/default/production/_ext/1171490990/interrupts.o
 .mdebug.abi32  0x0000000000000000        0x0 build/default/production/_ext/1171490990/exceptions.o
 .mdebug.abi32  0x0000000000000000        0x0 build/default/production/_ext/1342495810/BCD_Utils.o
 .mdebug.abi32  0x0000000000000000        0x0 build/default/production/_ext/1342495810/Utils.o
 .mdebug.abi32  0x0000000000000000        0x0 build/default/production/_ext/1360937237/main.o
 .mdebug.abi32  0x0000000000000000        0x0 build/default/production/_ext/1360937237/App_Globals.o
 .mdebug.abi32  0x0000000000000000        0x0 build/default/production/_ext/1360937237/App_Protocol.o
 .mdebug.abi32  0x0000000000000000        0x0 c:/program files/microchip/xc32/v4.30/bin/bin/../../lib/gcc/pic32mx/8.3.1\libgcc.a(floatunsisf.o)
 .mdebug.abi32  0x0000000000000000        0x0 c:/program files/microchip/xc32/v4.30/bin/bin/../../lib/gcc/pic32mx/8.3.1\libgcc.a(floatunsidf.o)
 .mdebug.abi32  0x0000000000000000        0x0 c:/program files/microchip/xc32/v4.30/bin/bin/../../lib/gcc/pic32mx/8.3.1/../../../../pic32mx/lib\libpic32.a(default-on-reset.o)
 .mdebug.abi32  0x0000000000000000        0x0 c:/program files/microchip/xc32/v4.30/bin/bin/../../lib/gcc/pic32mx/8.3.1/../../../../pic32mx/lib\libpic32.a(default-on-bootstrap.o)
 .mdebug.abi32  0x0000000000000000        0x0 c:/program files/microchip/xc32/v4.30/bin/bin/../../lib/gcc/pic32mx/8.3.1/../../../../pic32mx/lib\libpic32.a(defaultinterrupt.o)
 .mdebug.abi32  0x0000000000000000        0x0 c:/program files/microchip/xc32/v4.30/bin/bin/../../lib/gcc/pic32mx/8.3.1/../../../../pic32mx/lib\libc-musl.a(stdin.o)
 .mdebug.abi32  0x0000000000000000        0x0 c:/program files/microchip/xc32/v4.30/bin/bin/../../lib/gcc/pic32mx/8.3.1/../../../../pic32mx/lib\libc-musl.a(stdout.o)
 .mdebug.abi32  0x0000000000000000        0x0 c:/program files/microchip/xc32/v4.30/bin/bin/../../lib/gcc/pic32mx/8.3.1/../../../../pic32mx/lib\libc-musl.a(printf.o)
 .mdebug.abi32  0x0000000000000000        0x0 c:/program files/microchip/xc32/v4.30/bin/bin/../../lib/gcc/pic32mx/8.3.1/../../../../pic32mx/lib\libc-musl.a(setbuf.o)
 .mdebug.abi32  0x0000000000000000        0x0 c:/program files/microchip/xc32/v4.30/bin/bin/../../lib/gcc/pic32mx/8.3.1/../../../../pic32mx/lib\libc-musl.a(sprintf.o)
 .mdebug.abi32  0x0000000000000000        0x0 c:/program files/microchip/xc32/v4.30/bin/bin/../../lib/gcc/pic32mx/8.3.1/../../../../pic32mx/lib\libc-musl.a(vsprintf.o)
 .mdebug.abi32  0x0000000000000000        0x0 c:/program files/microchip/xc32/v4.30/bin/bin/../../lib/gcc/pic32mx/8.3.1/../../../../pic32mx/lib\libc-musl.a(strstr.o)
 .mdebug.abi32  0x0000000000000000        0x0 c:/program files/microchip/xc32/v4.30/bin/bin/../../lib/gcc/pic32mx/8.3.1/../../../../pic32mx/lib\libc-musl.a(strcat.o)
 .mdebug.abi32  0x0000000000000000        0x0 c:/program files/microchip/xc32/v4.30/bin/bin/../../lib/gcc/pic32mx/8.3.1/../../../../pic32mx/lib\libc-musl.a(strchr.o)
 .mdebug.abi32  0x0000000000000000        0x0 c:/program files/microchip/xc32/v4.30/bin/bin/../../lib/gcc/pic32mx/8.3.1/../../../../pic32mx/lib\libc-musl.a(strchrnul.o)
 .mdebug.abi32  0x0000000000000000        0x0 c:/program files/microchip/xc32/v4.30/bin/bin/../../lib/gcc/pic32mx/8.3.1/../../../../pic32mx/lib\libc-musl.a(strncpy.o)
 .mdebug.abi32  0x0000000000000000        0x0 c:/program files/microchip/xc32/v4.30/bin/bin/../../lib/gcc/pic32mx/8.3.1/../../../../pic32mx/lib\libc-musl.a(__io_init_needed.o)
 .mdebug.abi32  0x0000000000000000        0x0 c:/program files/microchip/xc32/v4.30/bin/bin/../../lib/gcc/pic32mx/8.3.1/../../../../pic32mx/lib\libc-musl.a(__io_rw_needed.o)
 .mdebug.abi32  0x0000000000000000        0x0 c:/program files/microchip/xc32/v4.30/bin/bin/../../lib/gcc/pic32mx/8.3.1/../../../../pic32mx/lib\libc-musl.a(__out.o)
 .mdebug.abi32  0x0000000000000000        0x0 c:/program files/microchip/xc32/v4.30/bin/bin/../../lib/gcc/pic32mx/8.3.1/../../../../pic32mx/lib\libc-musl.a(__stdio_close.o)
 .mdebug.abi32  0x0000000000000000        0x0 c:/program files/microchip/xc32/v4.30/bin/bin/../../lib/gcc/pic32mx/8.3.1/../../../../pic32mx/lib\libc-musl.a(__stdio_read.o)
 .mdebug.abi32  0x0000000000000000        0x0 c:/program files/microchip/xc32/v4.30/bin/bin/../../lib/gcc/pic32mx/8.3.1/../../../../pic32mx/lib\libc-musl.a(__towrite_rw.o)
 .mdebug.abi32  0x0000000000000000        0x0 c:/program files/microchip/xc32/v4.30/bin/bin/../../lib/gcc/pic32mx/8.3.1/../../../../pic32mx/lib\libc-musl.a(setvbuf.o)
 .mdebug.abi32  0x0000000000000000        0x0 c:/program files/microchip/xc32/v4.30/bin/bin/../../lib/gcc/pic32mx/8.3.1/../../../../pic32mx/lib\libc-musl.a(vfprintf.o)
 .mdebug.abi32  0x0000000000000000        0x0 c:/program files/microchip/xc32/v4.30/bin/bin/../../lib/gcc/pic32mx/8.3.1/../../../../pic32mx/lib\libc-musl.a(vsnprintf.o)
 .mdebug.abi32  0x0000000000000000        0x0 c:/program files/microchip/xc32/v4.30/bin/bin/../../lib/gcc/pic32mx/8.3.1/../../../../pic32mx/lib\libc-musl.a(stpncpy.o)
 .mdebug.abi32  0x0000000000000000        0x0 c:/program files/microchip/xc32/v4.30/bin/bin/../../lib/gcc/pic32mx/8.3.1/../../../../pic32mx/lib\libc-musl.a(readv.o)
 .mdebug.abi32  0x0000000000000000        0x0 c:/program files/microchip/xc32/v4.30/bin/bin/../../lib/gcc/pic32mx/8.3.1/../../../../pic32mx/lib\libc-musl.a(malloc.o)
 .mdebug.abi32  0x0000000000000000        0x0 c:/program files/microchip/xc32/v4.30/bin/bin/../../lib/gcc/pic32mx/8.3.1/../../../../pic32mx/lib\libc-musl.a(expand_heap.o)
 .mdebug.abi32  0x0000000000000000        0x0 c:/program files/microchip/xc32/v4.30/bin/bin/../../lib/gcc/pic32mx/8.3.1/../../../../pic32mx/lib\libc-musl.a(__fopen_rw.o)
 .mdebug.abi32  0x0000000000000000        0x0 c:/program files/microchip/xc32/v4.30/bin/bin/../../lib/gcc/pic32mx/8.3.1/../../../../pic32mx/lib\libc-musl.a(__ftello_rw.o)
 .mdebug.abi32  0x0000000000000000        0x0 c:/program files/microchip/xc32/v4.30/bin/bin/../../lib/gcc/pic32mx/8.3.1/../../../../pic32mx/lib\libc-musl.a(__init_stdio.o)
 .mdebug.abi32  0x0000000000000000        0x0 c:/program files/microchip/xc32/v4.30/bin/bin/../../lib/gcc/pic32mx/8.3.1/../../../../pic32mx/lib\libc-musl.a(__io_buf_needed.o)
 .mdebug.abi32  0x0000000000000000        0x0 c:/program files/microchip/xc32/v4.30/bin/bin/../../lib/gcc/pic32mx/8.3.1/../../../../pic32mx/lib\libc-musl.a(__io_file_needed.o)
 .mdebug.abi32  0x0000000000000000        0x0 c:/program files/microchip/xc32/v4.30/bin/bin/../../lib/gcc/pic32mx/8.3.1/../../../../pic32mx/lib\libc-musl.a(__io_fmt_needed.o)
 .mdebug.abi32  0x0000000000000000        0x0 c:/program files/microchip/xc32/v4.30/bin/bin/../../lib/gcc/pic32mx/8.3.1/../../../../pic32mx/lib\libc-musl.a(__io_std_needed.o)
 .mdebug.abi32  0x0000000000000000        0x0 c:/program files/microchip/xc32/v4.30/bin/bin/../../lib/gcc/pic32mx/8.3.1/../../../../pic32mx/lib\libc-musl.a(__pop_float.o)
 .mdebug.abi32  0x0000000000000000        0x0 c:/program files/microchip/xc32/v4.30/bin/bin/../../lib/gcc/pic32mx/8.3.1/../../../../pic32mx/lib\libc-musl.a(__pop_int.o)
 .mdebug.abi32  0x0000000000000000        0x0 c:/program files/microchip/xc32/v4.30/bin/bin/../../lib/gcc/pic32mx/8.3.1/../../../../pic32mx/lib\libc-musl.a(__pop_ptr.o)
 .mdebug.abi32  0x0000000000000000        0x0 c:/program files/microchip/xc32/v4.30/bin/bin/../../lib/gcc/pic32mx/8.3.1/../../../../pic32mx/lib\libc-musl.a(__printf_core.o)
 .mdebug.abi32  0x0000000000000000        0x0 c:/program files/microchip/xc32/v4.30/bin/bin/../../lib/gcc/pic32mx/8.3.1/../../../../pic32mx/lib\libc-musl.a(__putc.o)
 .mdebug.abi32  0x0000000000000000        0x0 c:/program files/microchip/xc32/v4.30/bin/bin/../../lib/gcc/pic32mx/8.3.1/../../../../pic32mx/lib\libc-musl.a(__stderr.o)
 .mdebug.abi32  0x0000000000000000        0x0 c:/program files/microchip/xc32/v4.30/bin/bin/../../lib/gcc/pic32mx/8.3.1/../../../../pic32mx/lib\libc-musl.a(__stdio_exit.o)
 .mdebug.abi32  0x0000000000000000        0x0 c:/program files/microchip/xc32/v4.30/bin/bin/../../lib/gcc/pic32mx/8.3.1/../../../../pic32mx/lib\libc-musl.a(__stdio_write.o)
 .mdebug.abi32  0x0000000000000000        0x0 c:/program files/microchip/xc32/v4.30/bin/bin/../../lib/gcc/pic32mx/8.3.1/../../../../pic32mx/lib\libc-musl.a(__stdout.o)
 .mdebug.abi32  0x0000000000000000        0x0 c:/program files/microchip/xc32/v4.30/bin/bin/../../lib/gcc/pic32mx/8.3.1/../../../../pic32mx/lib\libc-musl.a(__towrite.o)
 .mdebug.abi32  0x0000000000000000        0x0 c:/program files/microchip/xc32/v4.30/bin/bin/../../lib/gcc/pic32mx/8.3.1/../../../../pic32mx/lib\libc-musl.a(putc.o)
 .mdebug.abi32  0x0000000000000000        0x0 c:/program files/microchip/xc32/v4.30/bin/bin/../../lib/gcc/pic32mx/8.3.1/../../../../pic32mx/lib\libc-musl.a(atoi.o)
 .mdebug.abi32  0x0000000000000000        0x0 c:/program files/microchip/xc32/v4.30/bin/bin/../../lib/gcc/pic32mx/8.3.1/../../../../pic32mx/lib\libc-musl.a(writev.o)
 .mdebug.abi32  0x0000000000000000        0x0 c:/program files/microchip/xc32/v4.30/bin/bin/../../lib/gcc/pic32mx/8.3.1/../../../../pic32mx/lib\libc-musl.a(tolower.o)
 .mdebug.abi32  0x0000000000000000        0x0 c:/program files/microchip/xc32/v4.30/bin/bin/../../lib/gcc/pic32mx/8.3.1/../../../../pic32mx/lib\libc-musl.a(libc.o)
 .mdebug.abi32  0x0000000000000000        0x0 c:/program files/microchip/xc32/v4.30/bin/bin/../../lib/gcc/pic32mx/8.3.1/../../../../pic32mx/lib\libc-musl.a(__overflow.o)
 .mdebug.abi32  0x0000000000000000        0x0 c:/program files/microchip/xc32/v4.30/bin/bin/../../lib/gcc/pic32mx/8.3.1/../../../../pic32mx/lib\libc-musl.a(__fclose.o)
 .mdebug.abi32  0x0000000000000000        0x0 c:/program files/microchip/xc32/v4.30/bin/bin/../../lib/gcc/pic32mx/8.3.1/../../../../pic32mx/lib\libc-musl.a(__fmt_a.o)
 .mdebug.abi32  0x0000000000000000        0x0 c:/program files/microchip/xc32/v4.30/bin/bin/../../lib/gcc/pic32mx/8.3.1/../../../../pic32mx/lib\libc-musl.a(__fmt_d.o)
 .mdebug.abi32  0x0000000000000000        0x0 c:/program files/microchip/xc32/v4.30/bin/bin/../../lib/gcc/pic32mx/8.3.1/../../../../pic32mx/lib\libc-musl.a(__fmt_fp.o)
 .mdebug.abi32  0x0000000000000000        0x0 c:/program files/microchip/xc32/v4.30/bin/bin/../../lib/gcc/pic32mx/8.3.1/../../../../pic32mx/lib\libc-musl.a(__fmt_o.o)
 .mdebug.abi32  0x0000000000000000        0x0 c:/program files/microchip/xc32/v4.30/bin/bin/../../lib/gcc/pic32mx/8.3.1/../../../../pic32mx/lib\libc-musl.a(__fmt_s.o)
 .mdebug.abi32  0x0000000000000000        0x0 c:/program files/microchip/xc32/v4.30/bin/bin/../../lib/gcc/pic32mx/8.3.1/../../../../pic32mx/lib\libc-musl.a(__fmt_u.o)
 .mdebug.abi32  0x0000000000000000        0x0 c:/program files/microchip/xc32/v4.30/bin/bin/../../lib/gcc/pic32mx/8.3.1/../../../../pic32mx/lib\libc-musl.a(__fmt_x.o)
 .mdebug.abi32  0x0000000000000000        0x0 c:/program files/microchip/xc32/v4.30/bin/bin/../../lib/gcc/pic32mx/8.3.1/../../../../pic32mx/lib\libc-musl.a(__fopen.o)
 .mdebug.abi32  0x0000000000000000        0x0 c:/program files/microchip/xc32/v4.30/bin/bin/../../lib/gcc/pic32mx/8.3.1/../../../../pic32mx/lib\libc-musl.a(__fseeko.o)
 .mdebug.abi32  0x0000000000000000        0x0 c:/program files/microchip/xc32/v4.30/bin/bin/../../lib/gcc/pic32mx/8.3.1/../../../../pic32mx/lib\libc-musl.a(__ftello.o)
 .mdebug.abi32  0x0000000000000000        0x0 c:/program files/microchip/xc32/v4.30/bin/bin/../../lib/gcc/pic32mx/8.3.1/../../../../pic32mx/lib\libc-musl.a(__fwrite.o)
 .mdebug.abi32  0x0000000000000000        0x0 c:/program files/microchip/xc32/v4.30/bin/bin/../../lib/gcc/pic32mx/8.3.1/../../../../pic32mx/lib\libc-musl.a(toupper.o)
 .mdebug.abi32  0x0000000000000000        0x0 c:/program files/microchip/xc32/v4.30/bin/bin/../../lib/gcc/pic32mx/8.3.1/../../../../pic32mx/lib\libc-musl.a(__cvt_u.o)
 .mdebug.abi32  0x0000000000000000        0x0 c:/program files/microchip/xc32/v4.30/bin/bin/../../lib/gcc/pic32mx/8.3.1/../../../../pic32mx/lib\libm-musl.a(fma.o)
 .mdebug.abi32  0x0000000000000000        0x0 c:/program files/microchip/xc32/v4.30/bin/bin/../../lib/gcc/pic32mx/8.3.1/../../../../pic32mx/lib\libm-musl.a(scalbn.o)
 .mdebug.abi32  0x0000000000000000        0x0 c:/program files/microchip/xc32/v4.30/bin/bin/../../lib/gcc/pic32mx/8.3.1\libgcc.a(_lshrdi3.o)
 .mdebug.abi32  0x0000000000000000        0x0 c:/program files/microchip/xc32/v4.30/bin/bin/../../lib/gcc/pic32mx/8.3.1\libgcc.a(_ashldi3.o)
 .mdebug.abi32  0x0000000000000000        0x0 c:/program files/microchip/xc32/v4.30/bin/bin/../../lib/gcc/pic32mx/8.3.1\libgcc.a(_floatdidf.o)
 .mdebug.abi32  0x0000000000000000        0x0 c:/program files/microchip/xc32/v4.30/bin/bin/../../lib/gcc/pic32mx/8.3.1\libgcc.a(_udivdi3.o)
 .mdebug.abi32  0x0000000000000000        0x0 c:/program files/microchip/xc32/v4.30/bin/bin/../../lib/gcc/pic32mx/8.3.1\libgcc.a(_umoddi3.o)
 .mdebug.abi32  0x0000000000000000        0x0 c:/program files/microchip/xc32/v4.30/bin/bin/../../lib/gcc/pic32mx/8.3.1/../../../../pic32mx/lib\libpic32.a(sbrk.o)
 .mdebug.abi32  0x0000000000000000        0x0 c:/program files/microchip/xc32/v4.30/bin/bin/../../lib/gcc/pic32mx/8.3.1/../../../../pic32mx/lib\libpic32.a(lseek.o)
 .mdebug.abi32  0x0000000000000000        0x0 c:/program files/microchip/xc32/v4.30/bin/bin/../../lib/gcc/pic32mx/8.3.1/../../../../pic32mx/lib\libpic32.a(close.o)
 .mdebug.abi32  0x0000000000000000        0x0 c:/program files/microchip/xc32/v4.30/bin/bin/../../lib/gcc/pic32mx/8.3.1/../../../../pic32mx/lib\libpic32.a(errno.o)

.mdebug.abiN32
 *(.mdebug.abiN32)

.mdebug.abi64
 *(.mdebug.abi64)

.mdebug.abiO64
 *(.mdebug.abiO64)

.mdebug.eabi32
 *(.mdebug.eabi32)

.mdebug.eabi64
 *(.mdebug.eabi64)

.gcc_compiled_long32
 *(.gcc_compiled_long32)

.gcc_compiled_long64
 *(.gcc_compiled_long64)

.stab
 *(.stab)

.stabstr
 *(.stabstr)

.stab.excl
 *(.stab.excl)

.stab.exclstr
 *(.stab.exclstr)

.stab.index
 *(.stab.index)

.stab.indexstr
 *(.stab.indexstr)

.comment        0x0000000000000000       0xc0
 *(.comment)
 .comment       0x0000000000000000       0x2b build/default/production/_ext/1701374055/Ampli_functions.o
                                         0x2c (size before relaxing)
 .comment       0x000000000000002b       0x2c build/default/production/_ext/1701374055/Amplifier_Com.o
 .comment       0x000000000000002b       0x2c build/default/production/_ext/1701374055/AtmelFlashMem.o
 .comment       0x000000000000002b       0x2c build/default/production/_ext/1701374055/BoardTemp.o
 .comment       0x000000000000002b       0x2c build/default/production/_ext/1701374055/ETH_NetBurner.o
 .comment       0x000000000000002b       0x2c build/default/production/_ext/1701374055/Global_Vars.o
 .comment       0x000000000000002b       0x2c build/default/production/_ext/1701374055/KBD_5X8.o
 .comment       0x000000000000002b       0x2c build/default/production/_ext/1701374055/LCD_functions.o
 .comment       0x000000000000002b       0x2c build/default/production/_ext/1701374055/Para_Calculations.o
 .comment       0x000000000000002b       0x2c build/default/production/_ext/1701374055/Protocol.o
 .comment       0x000000000000002b       0x2c build/default/production/_ext/1701374055/RTC.o
 .comment       0x000000000000002b       0x2c build/default/production/_ext/1701375116/Beeps.o
 .comment       0x000000000000002b       0x2c build/default/production/_ext/1701375116/CAN_Comm.o
 .comment       0x000000000000002b       0x2c build/default/production/_ext/1701375116/DataFlash_Comm.o
 .comment       0x000000000000002b       0x2c build/default/production/_ext/1701375116/ETH_Module_Com.o
 .comment       0x000000000000002b       0x2c build/default/production/_ext/1701375116/Events.o
 .comment       0x000000000000002b       0x2c build/default/production/_ext/1701375116/I2C_comm.o
 .comment       0x000000000000002b       0x2c build/default/production/_ext/1701375116/KBD_5X8_rd.o
 .comment       0x000000000000002b       0x2c build/default/production/_ext/1701375116/LCD_Comm.o
 .comment       0x000000000000002b       0x2c build/default/production/_ext/1701375116/RTC_Comm.o
 .comment       0x000000000000002b       0x2c build/default/production/_ext/1701375116/SSI_Enco.o
 .comment       0x000000000000002b       0x2c build/default/production/_ext/1701375116/Sys_Inits.o
 .comment       0x000000000000002b       0x2c build/default/production/_ext/1701375116/CAN_Enco_Com.o
 .comment       0x000000000000002b       0x2c build/default/production/_ext/60163342/plib_adc.o
 .comment       0x000000000000002b       0x2c build/default/production/_ext/60165182/plib_can1.o
 .comment       0x000000000000002b       0x2c build/default/production/_ext/60165520/plib_clk.o
 .comment       0x000000000000002b       0x2c build/default/production/_ext/1249264884/plib_coretimer.o
 .comment       0x000000000000002b       0x2c build/default/production/_ext/1865200349/plib_evic.o
 .comment       0x000000000000002b       0x2c build/default/production/_ext/1865254177/plib_gpio.o
 .comment       0x000000000000002b       0x2c build/default/production/_ext/513455433/plib_i2c2_master.o
 .comment       0x000000000000002b       0x2c build/default/production/_ext/298189674/plib_spi1_master.o
 .comment       0x000000000000002b       0x2c build/default/production/_ext/1865657120/plib_uart5.o
 .comment       0x000000000000002b       0x2c build/default/production/_ext/1865657120/plib_uart6.o
 .comment       0x000000000000002b       0x2c build/default/production/_ext/1865657120/plib_uart3.o
 .comment       0x000000000000002b       0x2c build/default/production/_ext/1865657120/plib_uart4.o
 .comment       0x000000000000002b       0x2c build/default/production/_ext/1865657120/plib_uart1.o
 .comment       0x000000000000002b       0x2c build/default/production/_ext/1865657120/plib_uart2.o
 .comment       0x000000000000002b       0x2c build/default/production/_ext/163028504/xc32_monitor.o
 .comment       0x000000000000002b       0x2c build/default/production/_ext/1171490990/initialization.o
 .comment       0x000000000000002b       0x2c build/default/production/_ext/1171490990/interrupts.o
 .comment       0x000000000000002b       0x2c build/default/production/_ext/1171490990/exceptions.o
 .comment       0x000000000000002b       0x2c build/default/production/_ext/1342495810/BCD_Utils.o
 .comment       0x000000000000002b       0x2c build/default/production/_ext/1342495810/Utils.o
 .comment       0x000000000000002b       0x2c build/default/production/_ext/1360937237/main.o
 .comment       0x000000000000002b       0x2c build/default/production/_ext/1360937237/App_Globals.o
 .comment       0x000000000000002b       0x2c build/default/production/_ext/1360937237/App_Protocol.o
 .comment       0x000000000000002b       0x2c c:/program files/microchip/xc32/v4.30/bin/bin/../../lib/gcc/pic32mx/8.3.1\libgcc.a(floatunsisf.o)
 .comment       0x000000000000002b       0x2c c:/program files/microchip/xc32/v4.30/bin/bin/../../lib/gcc/pic32mx/8.3.1\libgcc.a(floatunsidf.o)
 .comment       0x000000000000002b       0x18 c:/program files/microchip/xc32/v4.30/bin/bin/../../lib/gcc/pic32mx/8.3.1/../../../../pic32mx/lib\libpic32.a(memset.o)
                                         0x19 (size before relaxing)
 .comment       0x0000000000000043       0x19 c:/program files/microchip/xc32/v4.30/bin/bin/../../lib/gcc/pic32mx/8.3.1/../../../../pic32mx/lib\libpic32.a(strcpy.o)
                                         0x1a (size before relaxing)
 .comment       0x000000000000005c       0x19 c:/program files/microchip/xc32/v4.30/bin/bin/../../lib/gcc/pic32mx/8.3.1/../../../../pic32mx/lib\libpic32.a(strlen.o)
                                         0x1a (size before relaxing)
 .comment       0x0000000000000075       0x2c c:/program files/microchip/xc32/v4.30/bin/bin/../../lib/gcc/pic32mx/8.3.1/../../../../pic32mx/lib\libpic32.a(default-on-reset.o)
 .comment       0x0000000000000075       0x2c c:/program files/microchip/xc32/v4.30/bin/bin/../../lib/gcc/pic32mx/8.3.1/../../../../pic32mx/lib\libpic32.a(default-on-bootstrap.o)
 .comment       0x0000000000000075       0x2c c:/program files/microchip/xc32/v4.30/bin/bin/../../lib/gcc/pic32mx/8.3.1/../../../../pic32mx/lib\libpic32.a(defaultinterrupt.o)
 .comment       0x0000000000000075       0x2c c:/program files/microchip/xc32/v4.30/bin/bin/../../lib/gcc/pic32mx/8.3.1/../../../../pic32mx/lib\libc-musl.a(stdin.o)
 .comment       0x0000000000000075       0x2c c:/program files/microchip/xc32/v4.30/bin/bin/../../lib/gcc/pic32mx/8.3.1/../../../../pic32mx/lib\libc-musl.a(stdout.o)
 .comment       0x0000000000000075       0x2c c:/program files/microchip/xc32/v4.30/bin/bin/../../lib/gcc/pic32mx/8.3.1/../../../../pic32mx/lib\libc-musl.a(printf.o)
 .comment       0x0000000000000075       0x2c c:/program files/microchip/xc32/v4.30/bin/bin/../../lib/gcc/pic32mx/8.3.1/../../../../pic32mx/lib\libc-musl.a(setbuf.o)
 .comment       0x0000000000000075       0x2c c:/program files/microchip/xc32/v4.30/bin/bin/../../lib/gcc/pic32mx/8.3.1/../../../../pic32mx/lib\libc-musl.a(sprintf.o)
 .comment       0x0000000000000075       0x2c c:/program files/microchip/xc32/v4.30/bin/bin/../../lib/gcc/pic32mx/8.3.1/../../../../pic32mx/lib\libc-musl.a(vsprintf.o)
 .comment       0x0000000000000075       0x2c c:/program files/microchip/xc32/v4.30/bin/bin/../../lib/gcc/pic32mx/8.3.1/../../../../pic32mx/lib\libc-musl.a(strstr.o)
 .comment       0x0000000000000075       0x2c c:/program files/microchip/xc32/v4.30/bin/bin/../../lib/gcc/pic32mx/8.3.1/../../../../pic32mx/lib\libc-musl.a(strcat.o)
 .comment       0x0000000000000075       0x2c c:/program files/microchip/xc32/v4.30/bin/bin/../../lib/gcc/pic32mx/8.3.1/../../../../pic32mx/lib\libc-musl.a(strchr.o)
 .comment       0x0000000000000075       0x2c c:/program files/microchip/xc32/v4.30/bin/bin/../../lib/gcc/pic32mx/8.3.1/../../../../pic32mx/lib\libc-musl.a(strchrnul.o)
 .comment       0x0000000000000075       0x2c c:/program files/microchip/xc32/v4.30/bin/bin/../../lib/gcc/pic32mx/8.3.1/../../../../pic32mx/lib\libc-musl.a(strncpy.o)
 .comment       0x0000000000000075       0x2c c:/program files/microchip/xc32/v4.30/bin/bin/../../lib/gcc/pic32mx/8.3.1/../../../../pic32mx/lib\libc-musl.a(__io_init_needed.o)
 .comment       0x0000000000000075       0x2c c:/program files/microchip/xc32/v4.30/bin/bin/../../lib/gcc/pic32mx/8.3.1/../../../../pic32mx/lib\libc-musl.a(__io_rw_needed.o)
 .comment       0x0000000000000075       0x2c c:/program files/microchip/xc32/v4.30/bin/bin/../../lib/gcc/pic32mx/8.3.1/../../../../pic32mx/lib\libc-musl.a(__out.o)
 .comment       0x0000000000000075       0x2c c:/program files/microchip/xc32/v4.30/bin/bin/../../lib/gcc/pic32mx/8.3.1/../../../../pic32mx/lib\libc-musl.a(__stdio_close.o)
 .comment       0x0000000000000075       0x2c c:/program files/microchip/xc32/v4.30/bin/bin/../../lib/gcc/pic32mx/8.3.1/../../../../pic32mx/lib\libc-musl.a(__stdio_read.o)
 .comment       0x0000000000000075       0x2c c:/program files/microchip/xc32/v4.30/bin/bin/../../lib/gcc/pic32mx/8.3.1/../../../../pic32mx/lib\libc-musl.a(__towrite_rw.o)
 .comment       0x0000000000000075       0x2c c:/program files/microchip/xc32/v4.30/bin/bin/../../lib/gcc/pic32mx/8.3.1/../../../../pic32mx/lib\libc-musl.a(setvbuf.o)
 .comment       0x0000000000000075       0x2c c:/program files/microchip/xc32/v4.30/bin/bin/../../lib/gcc/pic32mx/8.3.1/../../../../pic32mx/lib\libc-musl.a(vfprintf.o)
 .comment       0x0000000000000075       0x2c c:/program files/microchip/xc32/v4.30/bin/bin/../../lib/gcc/pic32mx/8.3.1/../../../../pic32mx/lib\libc-musl.a(vsnprintf.o)
 .comment       0x0000000000000075       0x2c c:/program files/microchip/xc32/v4.30/bin/bin/../../lib/gcc/pic32mx/8.3.1/../../../../pic32mx/lib\libc-musl.a(stpncpy.o)
 .comment       0x0000000000000075       0x2c c:/program files/microchip/xc32/v4.30/bin/bin/../../lib/gcc/pic32mx/8.3.1/../../../../pic32mx/lib\libc-musl.a(readv.o)
 .comment       0x0000000000000075       0x2c c:/program files/microchip/xc32/v4.30/bin/bin/../../lib/gcc/pic32mx/8.3.1/../../../../pic32mx/lib\libc-musl.a(malloc.o)
 .comment       0x0000000000000075       0x2c c:/program files/microchip/xc32/v4.30/bin/bin/../../lib/gcc/pic32mx/8.3.1/../../../../pic32mx/lib\libc-musl.a(expand_heap.o)
 .comment       0x0000000000000075       0x2c c:/program files/microchip/xc32/v4.30/bin/bin/../../lib/gcc/pic32mx/8.3.1/../../../../pic32mx/lib\libc-musl.a(__fopen_rw.o)
 .comment       0x0000000000000075       0x2c c:/program files/microchip/xc32/v4.30/bin/bin/../../lib/gcc/pic32mx/8.3.1/../../../../pic32mx/lib\libc-musl.a(__ftello_rw.o)
 .comment       0x0000000000000075       0x2c c:/program files/microchip/xc32/v4.30/bin/bin/../../lib/gcc/pic32mx/8.3.1/../../../../pic32mx/lib\libc-musl.a(__init_stdio.o)
 .comment       0x0000000000000075       0x2c c:/program files/microchip/xc32/v4.30/bin/bin/../../lib/gcc/pic32mx/8.3.1/../../../../pic32mx/lib\libc-musl.a(__io_buf_needed.o)
 .comment       0x0000000000000075       0x2c c:/program files/microchip/xc32/v4.30/bin/bin/../../lib/gcc/pic32mx/8.3.1/../../../../pic32mx/lib\libc-musl.a(__io_file_needed.o)
 .comment       0x0000000000000075       0x2c c:/program files/microchip/xc32/v4.30/bin/bin/../../lib/gcc/pic32mx/8.3.1/../../../../pic32mx/lib\libc-musl.a(__io_fmt_needed.o)
 .comment       0x0000000000000075       0x2c c:/program files/microchip/xc32/v4.30/bin/bin/../../lib/gcc/pic32mx/8.3.1/../../../../pic32mx/lib\libc-musl.a(__io_std_needed.o)
 .comment       0x0000000000000075       0x2c c:/program files/microchip/xc32/v4.30/bin/bin/../../lib/gcc/pic32mx/8.3.1/../../../../pic32mx/lib\libc-musl.a(__pop_float.o)
 .comment       0x0000000000000075       0x2c c:/program files/microchip/xc32/v4.30/bin/bin/../../lib/gcc/pic32mx/8.3.1/../../../../pic32mx/lib\libc-musl.a(__pop_int.o)
 .comment       0x0000000000000075       0x2c c:/program files/microchip/xc32/v4.30/bin/bin/../../lib/gcc/pic32mx/8.3.1/../../../../pic32mx/lib\libc-musl.a(__pop_ptr.o)
 .comment       0x0000000000000075       0x2c c:/program files/microchip/xc32/v4.30/bin/bin/../../lib/gcc/pic32mx/8.3.1/../../../../pic32mx/lib\libc-musl.a(__printf_core.o)
 .comment       0x0000000000000075       0x2c c:/program files/microchip/xc32/v4.30/bin/bin/../../lib/gcc/pic32mx/8.3.1/../../../../pic32mx/lib\libc-musl.a(__putc.o)
 .comment       0x0000000000000075       0x2c c:/program files/microchip/xc32/v4.30/bin/bin/../../lib/gcc/pic32mx/8.3.1/../../../../pic32mx/lib\libc-musl.a(__stderr.o)
 .comment       0x0000000000000075       0x2c c:/program files/microchip/xc32/v4.30/bin/bin/../../lib/gcc/pic32mx/8.3.1/../../../../pic32mx/lib\libc-musl.a(__stdio_exit.o)
 .comment       0x0000000000000075       0x2c c:/program files/microchip/xc32/v4.30/bin/bin/../../lib/gcc/pic32mx/8.3.1/../../../../pic32mx/lib\libc-musl.a(__stdio_write.o)
 .comment       0x0000000000000075       0x2c c:/program files/microchip/xc32/v4.30/bin/bin/../../lib/gcc/pic32mx/8.3.1/../../../../pic32mx/lib\libc-musl.a(__stdout.o)
 .comment       0x0000000000000075       0x2c c:/program files/microchip/xc32/v4.30/bin/bin/../../lib/gcc/pic32mx/8.3.1/../../../../pic32mx/lib\libc-musl.a(__towrite.o)
 .comment       0x0000000000000075       0x2c c:/program files/microchip/xc32/v4.30/bin/bin/../../lib/gcc/pic32mx/8.3.1/../../../../pic32mx/lib\libc-musl.a(putc.o)
 .comment       0x0000000000000075       0x2c c:/program files/microchip/xc32/v4.30/bin/bin/../../lib/gcc/pic32mx/8.3.1/../../../../pic32mx/lib\libc-musl.a(atoi.o)
 .comment       0x0000000000000075       0x2c c:/program files/microchip/xc32/v4.30/bin/bin/../../lib/gcc/pic32mx/8.3.1/../../../../pic32mx/lib\libc-musl.a(writev.o)
 .comment       0x0000000000000075       0x2c c:/program files/microchip/xc32/v4.30/bin/bin/../../lib/gcc/pic32mx/8.3.1/../../../../pic32mx/lib\libc-musl.a(tolower.o)
 .comment       0x0000000000000075       0x2c c:/program files/microchip/xc32/v4.30/bin/bin/../../lib/gcc/pic32mx/8.3.1/../../../../pic32mx/lib\libc-musl.a(libc.o)
 .comment       0x0000000000000075       0x2c c:/program files/microchip/xc32/v4.30/bin/bin/../../lib/gcc/pic32mx/8.3.1/../../../../pic32mx/lib\libc-musl.a(__overflow.o)
 .comment       0x0000000000000075       0x2c c:/program files/microchip/xc32/v4.30/bin/bin/../../lib/gcc/pic32mx/8.3.1/../../../../pic32mx/lib\libc-musl.a(__fclose.o)
 .comment       0x0000000000000075       0x2c c:/program files/microchip/xc32/v4.30/bin/bin/../../lib/gcc/pic32mx/8.3.1/../../../../pic32mx/lib\libc-musl.a(__fmt_a.o)
 .comment       0x0000000000000075       0x2c c:/program files/microchip/xc32/v4.30/bin/bin/../../lib/gcc/pic32mx/8.3.1/../../../../pic32mx/lib\libc-musl.a(__fmt_d.o)
 .comment       0x0000000000000075       0x2c c:/program files/microchip/xc32/v4.30/bin/bin/../../lib/gcc/pic32mx/8.3.1/../../../../pic32mx/lib\libc-musl.a(__fmt_fp.o)
 .comment       0x0000000000000075       0x2c c:/program files/microchip/xc32/v4.30/bin/bin/../../lib/gcc/pic32mx/8.3.1/../../../../pic32mx/lib\libc-musl.a(__fmt_o.o)
 .comment       0x0000000000000075       0x2c c:/program files/microchip/xc32/v4.30/bin/bin/../../lib/gcc/pic32mx/8.3.1/../../../../pic32mx/lib\libc-musl.a(__fmt_s.o)
 .comment       0x0000000000000075       0x2c c:/program files/microchip/xc32/v4.30/bin/bin/../../lib/gcc/pic32mx/8.3.1/../../../../pic32mx/lib\libc-musl.a(__fmt_u.o)
 .comment       0x0000000000000075       0x2c c:/program files/microchip/xc32/v4.30/bin/bin/../../lib/gcc/pic32mx/8.3.1/../../../../pic32mx/lib\libc-musl.a(__fmt_x.o)
 .comment       0x0000000000000075       0x2c c:/program files/microchip/xc32/v4.30/bin/bin/../../lib/gcc/pic32mx/8.3.1/../../../../pic32mx/lib\libc-musl.a(__fopen.o)
 .comment       0x0000000000000075       0x2c c:/program files/microchip/xc32/v4.30/bin/bin/../../lib/gcc/pic32mx/8.3.1/../../../../pic32mx/lib\libc-musl.a(__fseeko.o)
 .comment       0x0000000000000075       0x2c c:/program files/microchip/xc32/v4.30/bin/bin/../../lib/gcc/pic32mx/8.3.1/../../../../pic32mx/lib\libc-musl.a(__ftello.o)
 .comment       0x0000000000000075       0x2c c:/program files/microchip/xc32/v4.30/bin/bin/../../lib/gcc/pic32mx/8.3.1/../../../../pic32mx/lib\libc-musl.a(__fwrite.o)
 .comment       0x0000000000000075       0x2c c:/program files/microchip/xc32/v4.30/bin/bin/../../lib/gcc/pic32mx/8.3.1/../../../../pic32mx/lib\libc-musl.a(toupper.o)
 .comment       0x0000000000000075       0x2c c:/program files/microchip/xc32/v4.30/bin/bin/../../lib/gcc/pic32mx/8.3.1/../../../../pic32mx/lib\libc-musl.a(__cvt_u.o)
 .comment       0x0000000000000075       0x2c c:/program files/microchip/xc32/v4.30/bin/bin/../../lib/gcc/pic32mx/8.3.1/../../../../pic32mx/lib\libm-musl.a(fma.o)
 .comment       0x0000000000000075       0x2c c:/program files/microchip/xc32/v4.30/bin/bin/../../lib/gcc/pic32mx/8.3.1/../../../../pic32mx/lib\libm-musl.a(scalbn.o)
 .comment       0x0000000000000075       0x2c c:/program files/microchip/xc32/v4.30/bin/bin/../../lib/gcc/pic32mx/8.3.1\libgcc.a(_lshrdi3.o)
 .comment       0x0000000000000075       0x2c c:/program files/microchip/xc32/v4.30/bin/bin/../../lib/gcc/pic32mx/8.3.1\libgcc.a(_ashldi3.o)
 .comment       0x0000000000000075       0x2c c:/program files/microchip/xc32/v4.30/bin/bin/../../lib/gcc/pic32mx/8.3.1\libgcc.a(_floatdidf.o)
 .comment       0x0000000000000075       0x2c c:/program files/microchip/xc32/v4.30/bin/bin/../../lib/gcc/pic32mx/8.3.1\libgcc.a(_udivdi3.o)
 .comment       0x0000000000000075       0x2c c:/program files/microchip/xc32/v4.30/bin/bin/../../lib/gcc/pic32mx/8.3.1\libgcc.a(_umoddi3.o)
 .comment       0x0000000000000075       0x4b c:/program files/microchip/xc32/v4.30/bin/bin/../../lib/gcc/pic32mx/8.3.1/../../../../pic32mx/lib\libpic32.a(sbrk.o)
                                         0x77 (size before relaxing)
 .comment       0x00000000000000c0       0x2c c:/program files/microchip/xc32/v4.30/bin/bin/../../lib/gcc/pic32mx/8.3.1/../../../../pic32mx/lib\libpic32.a(lseek.o)
 .comment       0x00000000000000c0       0x2c c:/program files/microchip/xc32/v4.30/bin/bin/../../lib/gcc/pic32mx/8.3.1/../../../../pic32mx/lib\libpic32.a(close.o)
 .comment       0x00000000000000c0       0x2c c:/program files/microchip/xc32/v4.30/bin/bin/../../lib/gcc/pic32mx/8.3.1/../../../../pic32mx/lib\libpic32.a(errno.o)

.debug
 *.elf(.debug)
 *(.debug)

.line
 *.elf(.line)
 *(.line)

.debug_srcinfo
 *.elf(.debug_srcinfo)
 *(.debug_srcinfo)

.debug_sfnames
 *.elf(.debug_sfnames)
 *(.debug_sfnames)

.debug_aranges  0x0000000000000000     0x1a08
 *.elf(.debug_aranges)
 *(.debug_aranges)
 .debug_aranges
                0x0000000000000000       0x40 build/default/production/_ext/1701374055/Ampli_functions.o
 .debug_aranges
                0x0000000000000040       0xc8 build/default/production/_ext/1701374055/Amplifier_Com.o
 .debug_aranges
                0x0000000000000108       0x60 build/default/production/_ext/1701374055/AtmelFlashMem.o
 .debug_aranges
                0x0000000000000168       0x20 build/default/production/_ext/1701374055/BoardTemp.o
 .debug_aranges
                0x0000000000000188       0x30 build/default/production/_ext/1701374055/ETH_NetBurner.o
 .debug_aranges
                0x00000000000001b8       0x18 build/default/production/_ext/1701374055/Global_Vars.o
 .debug_aranges
                0x00000000000001d0       0x28 build/default/production/_ext/1701374055/KBD_5X8.o
 .debug_aranges
                0x00000000000001f8       0x50 build/default/production/_ext/1701374055/LCD_functions.o
 .debug_aranges
                0x0000000000000248       0x90 build/default/production/_ext/1701374055/Para_Calculations.o
 .debug_aranges
                0x00000000000002d8       0x60 build/default/production/_ext/1701374055/Protocol.o
 .debug_aranges
                0x0000000000000338       0x30 build/default/production/_ext/1701374055/RTC.o
 .debug_aranges
                0x0000000000000368       0x28 build/default/production/_ext/1701375116/Beeps.o
 .debug_aranges
                0x0000000000000390       0x40 build/default/production/_ext/1701375116/CAN_Comm.o
 .debug_aranges
                0x00000000000003d0       0x40 build/default/production/_ext/1701375116/DataFlash_Comm.o
 .debug_aranges
                0x0000000000000410       0x30 build/default/production/_ext/1701375116/ETH_Module_Com.o
 .debug_aranges
                0x0000000000000440       0x68 build/default/production/_ext/1701375116/Events.o
 .debug_aranges
                0x00000000000004a8       0x20 build/default/production/_ext/1701375116/I2C_comm.o
 .debug_aranges
                0x00000000000004c8       0x20 build/default/production/_ext/1701375116/KBD_5X8_rd.o
 .debug_aranges
                0x00000000000004e8       0x38 build/default/production/_ext/1701375116/LCD_Comm.o
 .debug_aranges
                0x0000000000000520       0x70 build/default/production/_ext/1701375116/RTC_Comm.o
 .debug_aranges
                0x0000000000000590       0x38 build/default/production/_ext/1701375116/SSI_Enco.o
 .debug_aranges
                0x00000000000005c8       0x30 build/default/production/_ext/1701375116/Sys_Inits.o
 .debug_aranges
                0x00000000000005f8       0x48 build/default/production/_ext/1701375116/CAN_Enco_Com.o
 .debug_aranges
                0x0000000000000640       0x70 build/default/production/_ext/60163342/plib_adc.o
 .debug_aranges
                0x00000000000006b0       0x98 build/default/production/_ext/60165182/plib_can1.o
 .debug_aranges
                0x0000000000000748       0x20 build/default/production/_ext/60165520/plib_clk.o
 .debug_aranges
                0x0000000000000768       0x60 build/default/production/_ext/1249264884/plib_coretimer.o
 .debug_aranges
                0x00000000000007c8       0x68 build/default/production/_ext/1865200349/plib_evic.o
 .debug_aranges
                0x0000000000000830       0x60 build/default/production/_ext/1865254177/plib_gpio.o
 .debug_aranges
                0x0000000000000890       0x68 build/default/production/_ext/513455433/plib_i2c2_master.o
 .debug_aranges
                0x00000000000008f8       0x48 build/default/production/_ext/298189674/plib_spi1_master.o
 .debug_aranges
                0x0000000000000940       0x80 build/default/production/_ext/1865657120/plib_uart5.o
 .debug_aranges
                0x00000000000009c0       0xa0 build/default/production/_ext/1865657120/plib_uart6.o
 .debug_aranges
                0x0000000000000a60       0xa0 build/default/production/_ext/1865657120/plib_uart3.o
 .debug_aranges
                0x0000000000000b00       0xa0 build/default/production/_ext/1865657120/plib_uart4.o
 .debug_aranges
                0x0000000000000ba0       0x80 build/default/production/_ext/1865657120/plib_uart1.o
 .debug_aranges
                0x0000000000000c20       0xa0 build/default/production/_ext/1865657120/plib_uart2.o
 .debug_aranges
                0x0000000000000cc0       0x28 build/default/production/_ext/163028504/xc32_monitor.o
 .debug_aranges
                0x0000000000000ce8       0x20 build/default/production/_ext/1171490990/initialization.o
 .debug_aranges
                0x0000000000000d08       0x58 build/default/production/_ext/1171490990/interrupts.o
 .debug_aranges
                0x0000000000000d60       0x28 build/default/production/_ext/1171490990/exceptions.o
 .debug_aranges
                0x0000000000000d88       0x60 build/default/production/_ext/1342495810/BCD_Utils.o
 .debug_aranges
                0x0000000000000de8       0x48 build/default/production/_ext/1342495810/Utils.o
 .debug_aranges
                0x0000000000000e30       0xb0 build/default/production/_ext/1360937237/main.o
 .debug_aranges
                0x0000000000000ee0       0x18 build/default/production/_ext/1360937237/App_Globals.o
 .debug_aranges
                0x0000000000000ef8       0x20 build/default/production/_ext/1360937237/App_Protocol.o
 .debug_aranges
                0x0000000000000f18       0x20 c:/program files/microchip/xc32/v4.30/bin/bin/../../lib/gcc/pic32mx/8.3.1\libgcc.a(floatunsisf.o)
 .debug_aranges
                0x0000000000000f38       0x20 c:/program files/microchip/xc32/v4.30/bin/bin/../../lib/gcc/pic32mx/8.3.1\libgcc.a(floatunsidf.o)
 .debug_aranges
                0x0000000000000f58       0x20 c:/program files/microchip/xc32/v4.30/bin/bin/../../lib/gcc/pic32mx/8.3.1/../../../../pic32mx/lib\libpic32.a(default-on-reset.o)
 .debug_aranges
                0x0000000000000f78       0x20 c:/program files/microchip/xc32/v4.30/bin/bin/../../lib/gcc/pic32mx/8.3.1/../../../../pic32mx/lib\libpic32.a(default-on-bootstrap.o)
 .debug_aranges
                0x0000000000000f98       0x20 c:/program files/microchip/xc32/v4.30/bin/bin/../../lib/gcc/pic32mx/8.3.1/../../../../pic32mx/lib\libpic32.a(defaultinterrupt.o)
 .debug_aranges
                0x0000000000000fb8       0x28 c:/program files/microchip/xc32/v4.30/bin/bin/../../lib/gcc/pic32mx/8.3.1/../../../../pic32mx/lib\libc-musl.a(stdin.o)
 .debug_aranges
                0x0000000000000fe0       0x30 c:/program files/microchip/xc32/v4.30/bin/bin/../../lib/gcc/pic32mx/8.3.1/../../../../pic32mx/lib\libc-musl.a(stdout.o)
 .debug_aranges
                0x0000000000001010       0x20 c:/program files/microchip/xc32/v4.30/bin/bin/../../lib/gcc/pic32mx/8.3.1/../../../../pic32mx/lib\libc-musl.a(printf.o)
 .debug_aranges
                0x0000000000001030       0x20 c:/program files/microchip/xc32/v4.30/bin/bin/../../lib/gcc/pic32mx/8.3.1/../../../../pic32mx/lib\libc-musl.a(setbuf.o)
 .debug_aranges
                0x0000000000001050       0x20 c:/program files/microchip/xc32/v4.30/bin/bin/../../lib/gcc/pic32mx/8.3.1/../../../../pic32mx/lib\libc-musl.a(sprintf.o)
 .debug_aranges
                0x0000000000001070       0x20 c:/program files/microchip/xc32/v4.30/bin/bin/../../lib/gcc/pic32mx/8.3.1/../../../../pic32mx/lib\libc-musl.a(vsprintf.o)
 .debug_aranges
                0x0000000000001090       0x20 c:/program files/microchip/xc32/v4.30/bin/bin/../../lib/gcc/pic32mx/8.3.1/../../../../pic32mx/lib\libc-musl.a(strstr.o)
 .debug_aranges
                0x00000000000010b0       0x20 c:/program files/microchip/xc32/v4.30/bin/bin/../../lib/gcc/pic32mx/8.3.1/../../../../pic32mx/lib\libc-musl.a(strcat.o)
 .debug_aranges
                0x00000000000010d0       0x20 c:/program files/microchip/xc32/v4.30/bin/bin/../../lib/gcc/pic32mx/8.3.1/../../../../pic32mx/lib\libc-musl.a(strchr.o)
 .debug_aranges
                0x00000000000010f0       0x20 c:/program files/microchip/xc32/v4.30/bin/bin/../../lib/gcc/pic32mx/8.3.1/../../../../pic32mx/lib\libc-musl.a(strchrnul.o)
 .debug_aranges
                0x0000000000001110       0x20 c:/program files/microchip/xc32/v4.30/bin/bin/../../lib/gcc/pic32mx/8.3.1/../../../../pic32mx/lib\libc-musl.a(strncpy.o)
 .debug_aranges
                0x0000000000001130       0x28 c:/program files/microchip/xc32/v4.30/bin/bin/../../lib/gcc/pic32mx/8.3.1/../../../../pic32mx/lib\libc-musl.a(__io_init_needed.o)
 .debug_aranges
                0x0000000000001158       0x20 c:/program files/microchip/xc32/v4.30/bin/bin/../../lib/gcc/pic32mx/8.3.1/../../../../pic32mx/lib\libc-musl.a(__io_rw_needed.o)
 .debug_aranges
                0x0000000000001178       0x28 c:/program files/microchip/xc32/v4.30/bin/bin/../../lib/gcc/pic32mx/8.3.1/../../../../pic32mx/lib\libc-musl.a(__out.o)
 .debug_aranges
                0x00000000000011a0       0x28 c:/program files/microchip/xc32/v4.30/bin/bin/../../lib/gcc/pic32mx/8.3.1/../../../../pic32mx/lib\libc-musl.a(__stdio_close.o)
 .debug_aranges
                0x00000000000011c8       0x20 c:/program files/microchip/xc32/v4.30/bin/bin/../../lib/gcc/pic32mx/8.3.1/../../../../pic32mx/lib\libc-musl.a(__stdio_read.o)
 .debug_aranges
                0x00000000000011e8       0x20 c:/program files/microchip/xc32/v4.30/bin/bin/../../lib/gcc/pic32mx/8.3.1/../../../../pic32mx/lib\libc-musl.a(__towrite_rw.o)
 .debug_aranges
                0x0000000000001208       0x28 c:/program files/microchip/xc32/v4.30/bin/bin/../../lib/gcc/pic32mx/8.3.1/../../../../pic32mx/lib\libc-musl.a(setvbuf.o)
 .debug_aranges
                0x0000000000001230       0x28 c:/program files/microchip/xc32/v4.30/bin/bin/../../lib/gcc/pic32mx/8.3.1/../../../../pic32mx/lib\libc-musl.a(vfprintf.o)
 .debug_aranges
                0x0000000000001258       0x20 c:/program files/microchip/xc32/v4.30/bin/bin/../../lib/gcc/pic32mx/8.3.1/../../../../pic32mx/lib\libc-musl.a(vsnprintf.o)
 .debug_aranges
                0x0000000000001278       0x20 c:/program files/microchip/xc32/v4.30/bin/bin/../../lib/gcc/pic32mx/8.3.1/../../../../pic32mx/lib\libc-musl.a(stpncpy.o)
 .debug_aranges
                0x0000000000001298       0x20 c:/program files/microchip/xc32/v4.30/bin/bin/../../lib/gcc/pic32mx/8.3.1/../../../../pic32mx/lib\libc-musl.a(readv.o)
 .debug_aranges
                0x00000000000012b8       0x70 c:/program files/microchip/xc32/v4.30/bin/bin/../../lib/gcc/pic32mx/8.3.1/../../../../pic32mx/lib\libc-musl.a(malloc.o)
 .debug_aranges
                0x0000000000001328       0x20 c:/program files/microchip/xc32/v4.30/bin/bin/../../lib/gcc/pic32mx/8.3.1/../../../../pic32mx/lib\libc-musl.a(expand_heap.o)
 .debug_aranges
                0x0000000000001348       0x20 c:/program files/microchip/xc32/v4.30/bin/bin/../../lib/gcc/pic32mx/8.3.1/../../../../pic32mx/lib\libc-musl.a(__fopen_rw.o)
 .debug_aranges
                0x0000000000001368       0x20 c:/program files/microchip/xc32/v4.30/bin/bin/../../lib/gcc/pic32mx/8.3.1/../../../../pic32mx/lib\libc-musl.a(__ftello_rw.o)
 .debug_aranges
                0x0000000000001388       0x28 c:/program files/microchip/xc32/v4.30/bin/bin/../../lib/gcc/pic32mx/8.3.1/../../../../pic32mx/lib\libc-musl.a(__init_stdio.o)
 .debug_aranges
                0x00000000000013b0       0x20 c:/program files/microchip/xc32/v4.30/bin/bin/../../lib/gcc/pic32mx/8.3.1/../../../../pic32mx/lib\libc-musl.a(__io_buf_needed.o)
 .debug_aranges
                0x00000000000013d0       0x20 c:/program files/microchip/xc32/v4.30/bin/bin/../../lib/gcc/pic32mx/8.3.1/../../../../pic32mx/lib\libc-musl.a(__io_file_needed.o)
 .debug_aranges
                0x00000000000013f0       0x20 c:/program files/microchip/xc32/v4.30/bin/bin/../../lib/gcc/pic32mx/8.3.1/../../../../pic32mx/lib\libc-musl.a(__io_fmt_needed.o)
 .debug_aranges
                0x0000000000001410       0x20 c:/program files/microchip/xc32/v4.30/bin/bin/../../lib/gcc/pic32mx/8.3.1/../../../../pic32mx/lib\libc-musl.a(__io_std_needed.o)
 .debug_aranges
                0x0000000000001430       0x20 c:/program files/microchip/xc32/v4.30/bin/bin/../../lib/gcc/pic32mx/8.3.1/../../../../pic32mx/lib\libc-musl.a(__pop_float.o)
 .debug_aranges
                0x0000000000001450       0x20 c:/program files/microchip/xc32/v4.30/bin/bin/../../lib/gcc/pic32mx/8.3.1/../../../../pic32mx/lib\libc-musl.a(__pop_int.o)
 .debug_aranges
                0x0000000000001470       0x20 c:/program files/microchip/xc32/v4.30/bin/bin/../../lib/gcc/pic32mx/8.3.1/../../../../pic32mx/lib\libc-musl.a(__pop_ptr.o)
 .debug_aranges
                0x0000000000001490       0x50 c:/program files/microchip/xc32/v4.30/bin/bin/../../lib/gcc/pic32mx/8.3.1/../../../../pic32mx/lib\libc-musl.a(__printf_core.o)
 .debug_aranges
                0x00000000000014e0       0x20 c:/program files/microchip/xc32/v4.30/bin/bin/../../lib/gcc/pic32mx/8.3.1/../../../../pic32mx/lib\libc-musl.a(__putc.o)
 .debug_aranges
                0x0000000000001500       0x30 c:/program files/microchip/xc32/v4.30/bin/bin/../../lib/gcc/pic32mx/8.3.1/../../../../pic32mx/lib\libc-musl.a(__stderr.o)
 .debug_aranges
                0x0000000000001530       0x30 c:/program files/microchip/xc32/v4.30/bin/bin/../../lib/gcc/pic32mx/8.3.1/../../../../pic32mx/lib\libc-musl.a(__stdio_exit.o)
 .debug_aranges
                0x0000000000001560       0x28 c:/program files/microchip/xc32/v4.30/bin/bin/../../lib/gcc/pic32mx/8.3.1/../../../../pic32mx/lib\libc-musl.a(__stdio_write.o)
 .debug_aranges
                0x0000000000001588       0x30 c:/program files/microchip/xc32/v4.30/bin/bin/../../lib/gcc/pic32mx/8.3.1/../../../../pic32mx/lib\libc-musl.a(__stdout.o)
 .debug_aranges
                0x00000000000015b8       0x28 c:/program files/microchip/xc32/v4.30/bin/bin/../../lib/gcc/pic32mx/8.3.1/../../../../pic32mx/lib\libc-musl.a(__towrite.o)
 .debug_aranges
                0x00000000000015e0       0x30 c:/program files/microchip/xc32/v4.30/bin/bin/../../lib/gcc/pic32mx/8.3.1/../../../../pic32mx/lib\libc-musl.a(putc.o)